EXTI_Driver.c:38:6:Enable_NVIC	16	static
EXTI_Driver.c:73:6:Disable_NVIC	16	static
EXTI_Driver.c:107:6:Update_EXTI	24	static
EXTI_Driver.c:168:6:MCAL_EXTI_GPIO_DeInit	4	static
EXTI_Driver.c:200:6:MCAL_EXTI_GPIO_Init	16	static
EXTI_Driver.c:216:6:MCAL_EXTI_GPIO_Update	16	static
EXTI_Driver.c:226:6:EXTI0_IRQHandler	8	static
EXTI_Driver.c:232:6:EXTI1_IRQHandler	8	static
EXTI_Driver.c:238:6:EXTI2_IRQHandler	8	static
EXTI_Driver.c:244:6:EXTI3_IRQHandler	8	static
EXTI_Driver.c:250:6:EXTI4_IRQHandler	8	static
EXTI_Driver.c:256:6:EXTI9_5_IRQHandler	8	static
EXTI_Driver.c:278:6:EXTI15_10_IRQHandler	8	static
