Archive member included to satisfy reference by file (symbol)

c:/st/stm32cubeide_1.4.0/stm32cubeide/plugins/com.st.stm32cube.ide.mcu.externaltools.gnu-tools-for-stm32.7-2018-q2-update.win32_1.4.0.202007081208/tools/bin/../lib/gcc/arm-none-eabi/7.3.1/../../../../arm-none-eabi/lib/thumb/v7-m\libc_nano.a(lib_a-errno.o)
                              Src/syscalls.o (__errno)
c:/st/stm32cubeide_1.4.0/stm32cubeide/plugins/com.st.stm32cube.ide.mcu.externaltools.gnu-tools-for-stm32.7-2018-q2-update.win32_1.4.0.202007081208/tools/bin/../lib/gcc/arm-none-eabi/7.3.1/../../../../arm-none-eabi/lib/thumb/v7-m\libc_nano.a(lib_a-exit.o)
                              c:/st/stm32cubeide_1.4.0/stm32cubeide/plugins/com.st.stm32cube.ide.mcu.externaltools.gnu-tools-for-stm32.7-2018-q2-update.win32_1.4.0.202007081208/tools/bin/../lib/gcc/arm-none-eabi/7.3.1/../../../../arm-none-eabi/lib/thumb/v7-m/crt0.o (exit)
c:/st/stm32cubeide_1.4.0/stm32cubeide/plugins/com.st.stm32cube.ide.mcu.externaltools.gnu-tools-for-stm32.7-2018-q2-update.win32_1.4.0.202007081208/tools/bin/../lib/gcc/arm-none-eabi/7.3.1/../../../../arm-none-eabi/lib/thumb/v7-m\libc_nano.a(lib_a-impure.o)
                              c:/st/stm32cubeide_1.4.0/stm32cubeide/plugins/com.st.stm32cube.ide.mcu.externaltools.gnu-tools-for-stm32.7-2018-q2-update.win32_1.4.0.202007081208/tools/bin/../lib/gcc/arm-none-eabi/7.3.1/../../../../arm-none-eabi/lib/thumb/v7-m\libc_nano.a(lib_a-exit.o) (_global_impure_ptr)
c:/st/stm32cubeide_1.4.0/stm32cubeide/plugins/com.st.stm32cube.ide.mcu.externaltools.gnu-tools-for-stm32.7-2018-q2-update.win32_1.4.0.202007081208/tools/bin/../lib/gcc/arm-none-eabi/7.3.1/../../../../arm-none-eabi/lib/thumb/v7-m\libc_nano.a(lib_a-init.o)
                              c:/st/stm32cubeide_1.4.0/stm32cubeide/plugins/com.st.stm32cube.ide.mcu.externaltools.gnu-tools-for-stm32.7-2018-q2-update.win32_1.4.0.202007081208/tools/bin/../lib/gcc/arm-none-eabi/7.3.1/../../../../arm-none-eabi/lib/thumb/v7-m/crt0.o (__libc_init_array)
c:/st/stm32cubeide_1.4.0/stm32cubeide/plugins/com.st.stm32cube.ide.mcu.externaltools.gnu-tools-for-stm32.7-2018-q2-update.win32_1.4.0.202007081208/tools/bin/../lib/gcc/arm-none-eabi/7.3.1/../../../../arm-none-eabi/lib/thumb/v7-m\libc_nano.a(lib_a-memset.o)
                              c:/st/stm32cubeide_1.4.0/stm32cubeide/plugins/com.st.stm32cube.ide.mcu.externaltools.gnu-tools-for-stm32.7-2018-q2-update.win32_1.4.0.202007081208/tools/bin/../lib/gcc/arm-none-eabi/7.3.1/../../../../arm-none-eabi/lib/thumb/v7-m/crt0.o (memset)
c:/st/stm32cubeide_1.4.0/stm32cubeide/plugins/com.st.stm32cube.ide.mcu.externaltools.gnu-tools-for-stm32.7-2018-q2-update.win32_1.4.0.202007081208/tools/bin/../lib/gcc/arm-none-eabi/7.3.1/../../../../arm-none-eabi/lib/thumb/v7-m\libc_nano.a(lib_a-nano-vfprintf_float.o)
                              (_printf_float)
c:/st/stm32cubeide_1.4.0/stm32cubeide/plugins/com.st.stm32cube.ide.mcu.externaltools.gnu-tools-for-stm32.7-2018-q2-update.win32_1.4.0.202007081208/tools/bin/../lib/gcc/arm-none-eabi/7.3.1/../../../../arm-none-eabi/lib/thumb/v7-m\libc_nano.a(lib_a-nano-vfprintf_i.o)
                              c:/st/stm32cubeide_1.4.0/stm32cubeide/plugins/com.st.stm32cube.ide.mcu.externaltools.gnu-tools-for-stm32.7-2018-q2-update.win32_1.4.0.202007081208/tools/bin/../lib/gcc/arm-none-eabi/7.3.1/../../../../arm-none-eabi/lib/thumb/v7-m\libc_nano.a(lib_a-nano-vfprintf_float.o) (_printf_common)
c:/st/stm32cubeide_1.4.0/stm32cubeide/plugins/com.st.stm32cube.ide.mcu.externaltools.gnu-tools-for-stm32.7-2018-q2-update.win32_1.4.0.202007081208/tools/bin/../lib/gcc/arm-none-eabi/7.3.1/../../../../arm-none-eabi/lib/thumb/v7-m\libc_nano.a(lib_a-strlen.o)
                              c:/st/stm32cubeide_1.4.0/stm32cubeide/plugins/com.st.stm32cube.ide.mcu.externaltools.gnu-tools-for-stm32.7-2018-q2-update.win32_1.4.0.202007081208/tools/bin/../lib/gcc/arm-none-eabi/7.3.1/../../../../arm-none-eabi/lib/thumb/v7-m\libc_nano.a(lib_a-nano-vfprintf_float.o) (strlen)
c:/st/stm32cubeide_1.4.0/stm32cubeide/plugins/com.st.stm32cube.ide.mcu.externaltools.gnu-tools-for-stm32.7-2018-q2-update.win32_1.4.0.202007081208/tools/bin/../lib/gcc/arm-none-eabi/7.3.1/../../../../arm-none-eabi/lib/thumb/v7-m\libc_nano.a(lib_a-dtoa.o)
                              c:/st/stm32cubeide_1.4.0/stm32cubeide/plugins/com.st.stm32cube.ide.mcu.externaltools.gnu-tools-for-stm32.7-2018-q2-update.win32_1.4.0.202007081208/tools/bin/../lib/gcc/arm-none-eabi/7.3.1/../../../../arm-none-eabi/lib/thumb/v7-m\libc_nano.a(lib_a-nano-vfprintf_float.o) (_dtoa_r)
c:/st/stm32cubeide_1.4.0/stm32cubeide/plugins/com.st.stm32cube.ide.mcu.externaltools.gnu-tools-for-stm32.7-2018-q2-update.win32_1.4.0.202007081208/tools/bin/../lib/gcc/arm-none-eabi/7.3.1/../../../../arm-none-eabi/lib/thumb/v7-m\libc_nano.a(lib_a-localeconv.o)
[...]
Memory Configuration

Name             Origin             Length             Attributes
RAM              0x0000000020000000 0x0000000000005000 xrw
ROM              0x0000000008000000 0x0000000000010000 xr
*default*        0x0000000000000000 0xffffffffffffffff

Linker script and memory map

LOAD c:/st/stm32cubeide_1.4.0/stm32cubeide/plugins/com.st.stm32cube.ide.mcu.externaltools.gnu-tools-for-stm32.7-2018-q2-update.win32_1.4.0.202007081208/tools/bin/../lib/gcc/arm-none-eabi/7.3.1/thumb/v7-m/crti.o
LOAD c:/st/stm32cubeide_1.4.0/stm32cubeide/plugins/com.st.stm32cube.ide.mcu.externaltools.gnu-tools-for-stm32.7-2018-q2-update.win32_1.4.0.202007081208/tools/bin/../lib/gcc/arm-none-eabi/7.3.1/thumb/v7-m/crtbegin.o
LOAD c:/st/stm32cubeide_1.4.0/stm32cubeide/plugins/com.st.stm32cube.ide.mcu.externaltools.gnu-tools-for-stm32.7-2018-q2-update.win32_1.4.0.202007081208/tools/bin/../lib/gcc/arm-none-eabi/7.3.1/../../../../arm-none-eabi/lib/thumb/v7-m/crt0.o
LOAD HAL/BlindSpot/BlindSpot.o
LOAD HAL/LCD/LCD.o
LOAD HAL/PID/PID.o
LOAD HAL/RearCollision/RearCollision.o
LOAD HAL/ULTRA-SONIC/US_Driver.o
LOAD MCAL/EXTI/EXTI_Driver.o
LOAD MCAL/GPIO/GPIO_Driver.o
LOAD MCAL/RCC/RCC.o
LOAD MCAL/TIM/TIM.o
LOAD MCAL/UART/UART.o
LOAD Src/main.o
LOAD Src/syscalls.o
LOAD Src/sysmem.o
LOAD Startup/startup_stm32f103c8tx.o
START GROUP
LOAD c:/st/stm32cubeide_1.4.0/stm32cubeide/plugins/com.st.stm32cube.ide.mcu.externaltools.gnu-tools-for-stm32.7-2018-q2-update.win32_1.4.0.202007081208/tools/bin/../lib/gcc/arm-none-eabi/7.3.1/../../../../arm-none-eabi/lib/thumb/v7-m\libc_nano.a
LOAD c:/st/stm32cubeide_1.4.0/stm32cubeide/plugins/com.st.stm32cube.ide.mcu.externaltools.gnu-tools-for-stm32.7-2018-q2-update.win32_1.4.0.202007081208/tools/bin/../lib/gcc/arm-none-eabi/7.3.1/../../../../arm-none-eabi/lib/thumb/v7-m\libm.a
END GROUP
START GROUP
LOAD c:/st/stm32cubeide_1.4.0/stm32cubeide/plugins/com.st.stm32cube.ide.mcu.externaltools.gnu-tools-for-stm32.7-2018-q2-update.win32_1.4.0.202007081208/tools/bin/../lib/gcc/arm-none-eabi/7.3.1/thumb/v7-m\libgcc.a
LOAD c:/st/stm32cubeide_1.4.0/stm32cubeide/plugins/com.st.stm32cube.ide.mcu.externaltools.gnu-tools-for-stm32.7-2018-q2-update.win32_1.4.0.202007081208/tools/bin/../lib/gcc/arm-none-eabi/7.3.1/../../../../arm-none-eabi/lib/thumb/v7-m\libg_nano.a
LOAD c:/st/stm32cubeide_1.4.0/stm32cubeide/plugins/com.st.stm32cube.ide.mcu.externaltools.gnu-tools-for-stm32.7-2018-q2-update.win32_1.4.0.202007081208/tools/bin/../lib/gcc/arm-none-eabi/7.3.1/../../../../arm-none-eabi/lib/thumb/v7-m\libc_nano.a
END GROUP
START GROUP
LOAD c:/st/stm32cubeide_1.4.0/stm32cubeide/plugins/com.st.stm32cube.ide.mcu.externaltools.gnu-tools-for-stm32.7-2018-q2-update.win32_1.4.0.202007081208/tools/bin/../lib/gcc/arm-none-eabi/7.3.1/thumb/v7-m\libgcc.a
LOAD c:/st/stm32cubeide_1.4.0/stm32cubeide/plugins/com.st.stm32cube.ide.mcu.externaltools.gnu-tools-for-stm32.7-2018-q2-update.win32_1.4.0.202007081208/tools/bin/../lib/gcc/arm-none-eabi/7.3.1/../../../../arm-none-eabi/lib/thumb/v7-m\libc_nano.a
LOAD c:/st/stm32cubeide_1.4.0/stm32cubeide/plugins/com.st.stm32cube.ide.mcu.externaltools.gnu-tools-for-stm32.7-2018-q2-update.win32_1.4.0.202007081208/tools/bin/../lib/gcc/arm-none-eabi/7.3.1/../../../../arm-none-eabi/lib/thumb/v7-m\libnosys.a
END GROUP
START GROUP
LOAD c:/st/stm32cubeide_1.4.0/stm32cubeide/plugins/com.st.stm32cube.ide.mcu.externaltools.gnu-tools-for-stm32.7-2018-q2-update.win32_1.4.0.202007081208/tools/bin/../lib/gcc/arm-none-eabi/7.3.1/thumb/v7-m\libgcc.a
LOAD c:/st/stm32cubeide_1.4.0/stm32cubeide/plugins/com.st.stm32cube.ide.mcu.externaltools.gnu-tools-for-stm32.7-2018-q2-update.win32_1.4.0.202007081208/tools/bin/../lib/gcc/arm-none-eabi/7.3.1/../../../../arm-none-eabi/lib/thumb/v7-m\libc_nano.a
LOAD c:/st/stm32cubeide_1.4.0/stm32cubeide/plugins/com.st.stm32cube.ide.mcu.externaltools.gnu-tools-for-stm32.7-2018-q2-update.win32_1.4.0.202007081208/tools/bin/../lib/gcc/arm-none-eabi/7.3.1/../../../../arm-none-eabi/lib/thumb/v7-m\libnosys.a
END GROUP
LOAD c:/st/stm32cubeide_1.4.0/stm32cubeide/plugins/com.st.stm32cube.ide.mcu.externaltools.gnu-tools-for-stm32.7-2018-q2-update.win32_1.4.0.202007081208/tools/bin/../lib/gcc/arm-none-eabi/7.3.1/thumb/v7-m/crtend.o
LOAD c:/st/stm32cubeide_1.4.0/stm32cubeide/plugins/com.st.stm32cube.ide.mcu.externaltools.gnu-tools-for-stm32.7-2018-q2-update.win32_1.4.0.202007081208/tools/bin/../lib/gcc/arm-none-eabi/7.3.1/thumb/v7-m/crtn.o
                0x0000000020005000                _estack = (ORIGIN (RAM) + LENGTH (RAM))
                0x0000000000000200                _Min_Heap_Size = 0x200
                0x0000000000000400                _Min_Stack_Size = 0x400

.isr_vector     0x0000000008000000      0x130
                0x0000000008000000                . = ALIGN (0x4)
 *(.isr_vector)
 .isr_vector    0x0000000008000000      0x130 Startup/startup_stm32f103c8tx.o
                0x0000000008000000                g_pfnVectors
                0x0000000008000130                . = ALIGN (0x4)

.text           0x0000000008000130     0x4400
                0x0000000008000130                . = ALIGN (0x4)
 *(.text)
 .text          0x0000000008000130       0x40 c:/st/stm32cubeide_1.4.0/stm32cubeide/plugins/com.st.stm32cube.ide.mcu.externaltools.gnu-tools-for-stm32.7-2018-q2-update.win32_1.4.0.202007081208/tools/bin/../lib/gcc/arm-none-eabi/7.3.1/thumb/v7-m/crtbegin.o
 .text          0x0000000008000170       0x10 c:/st/stm32cubeide_1.4.0/stm32cubeide/plugins/com.st.stm32cube.ide.mcu.externaltools.gnu-tools-for-stm32.7-2018-q2-update.win32_1.4.0.202007081208/tools/bin/../lib/gcc/arm-none-eabi/7.3.1/../../../../arm-none-eabi/lib/thumb/v7-m\libc_nano.a(lib_a-strlen.o)
                0x0000000008000170                strlen
 .text          0x0000000008000180      0x378 c:/st/stm32cubeide_1.4.0/stm32cubeide/plugins/com.st.stm32cube.ide.mcu.externaltools.gnu-tools-for-stm32.7-2018-q2-update.win32_1.4.0.202007081208/tools/bin/../lib/gcc/arm-none-eabi/7.3.1/thumb/v7-m\libgcc.a(_arm_addsubdf3.o)
                0x0000000008000180                __aeabi_drsub
                0x0000000008000188                __aeabi_dsub
                0x0000000008000188                __subdf3
                0x000000000800018c                __aeabi_dadd
                0x000000000800018c                __adddf3
                0x0000000008000404                __floatunsidf
                0x0000000008000404                __aeabi_ui2d
                0x0000000008000424                __floatsidf
                0x0000000008000424                __aeabi_i2d
                0x0000000008000448                __aeabi_f2d
                0x0000000008000448                __extendsfdf2
                0x000000000800048c                __floatundidf
                0x000000000800048c                __aeabi_ul2d
                0x000000000800049c                __floatdidf
                0x000000000800049c                __aeabi_l2d
 .text          0x00000000080004f8      0x424 c:/st/stm32cubeide_1.4.0/stm32cubeide/plugins/com.st.stm32cube.ide.mcu.externaltools.gnu-tools-for-stm32.7-2018-q2-update.win32_1.4.0.202007081208/tools/bin/../lib/gcc/arm-none-eabi/7.3.1/thumb/v7-m\libgcc.a(_arm_muldivdf3.o)
                0x00000000080004f8                __aeabi_dmul
                0x00000000080004f8                __muldf3
                0x000000000800074c                __divdf3
                0x000000000800074c                __aeabi_ddiv
 .text          0x000000000800091c      0x110 c:/st/stm32cubeide_1.4.0/stm32cubeide/plugins/com.st.stm32cube.ide.mcu.externaltools.gnu-tools-for-stm32.7-2018-q2-update.win32_1.4.0.202007081208/tools/bin/../lib/gcc/arm-none-eabi/7.3.1/thumb/v7-m\libgcc.a(_arm_cmpdf2.o)
                0x000000000800091c                __gtdf2
                0x000000000800091c                __gedf2
                0x0000000008000924                __ltdf2
                0x0000000008000924                __ledf2
                0x000000000800092c                __nedf2
                0x000000000800092c                __eqdf2
                0x000000000800092c                __cmpdf2
                0x00000000080009a8                __aeabi_cdrcmple
                0x00000000080009b8                __aeabi_cdcmpeq
                0x00000000080009b8                __aeabi_cdcmple
                0x00000000080009c8                __aeabi_dcmpeq
                0x00000000080009dc                __aeabi_dcmplt
                0x00000000080009f0                __aeabi_dcmple
                0x0000000008000a04                __aeabi_dcmpge
                0x0000000008000a18                __aeabi_dcmpgt
 .text          0x0000000008000a2c       0x2c c:/st/stm32cubeide_1.4.0/stm32cubeide/plugins/com.st.stm32cube.ide.mcu.externaltools.gnu-tools-for-stm32.7-2018-q2-update.win32_1.4.0.202007081208/tools/bin/../lib/gcc/arm-none-eabi/7.3.1/thumb/v7-m\libgcc.a(_arm_unorddf2.o)
                0x0000000008000a2c                __unorddf2
                0x0000000008000a2c                __aeabi_dcmpun
 .text          0x0000000008000a58       0x50 c:/st/stm32cubeide_1.4.0/stm32cubeide/plugins/com.st.stm32cube.ide.mcu.externaltools.gnu-tools-for-stm32.7-2018-q2-update.win32_1.4.0.202007081208/tools/bin/../lib/gcc/arm-none-eabi/7.3.1/thumb/v7-m\libgcc.a(_arm_fixdfsi.o)
                0x0000000008000a58                __aeabi_d2iz
                0x0000000008000a58                __fixdfsi
 .text          0x0000000008000aa8      0x21c c:/st/stm32cubeide_1.4.0/stm32cubeide/plugins/com.st.stm32cube.ide.mcu.externaltools.gnu-tools-for-stm32.7-2018-q2-update.win32_1.4.0.202007081208/tools/bin/../lib/gcc/arm-none-eabi/7.3.1/thumb/v7-m\libgcc.a(_arm_addsubsf3.o)
                0x0000000008000aa8                __aeabi_frsub
                0x0000000008000ab0                __subsf3
                0x0000000008000ab0                __aeabi_fsub
                0x0000000008000ab4                __aeabi_fadd
                0x0000000008000ab4                __addsf3
                0x0000000008000c14                __aeabi_ui2f
                0x0000000008000c14                __floatunsisf
                0x0000000008000c1c                __aeabi_i2f
                0x0000000008000c1c                __floatsisf
                0x0000000008000c38                __aeabi_ul2f
                0x0000000008000c38                __floatundisf
                0x0000000008000c48                __aeabi_l2f
                0x0000000008000c48                __floatdisf
 .text          0x0000000008000cc4      0x2a0 c:/st/stm32cubeide_1.4.0/stm32cubeide/plugins/com.st.stm32cube.ide.mcu.externaltools.gnu-tools-for-stm32.7-2018-q2-update.win32_1.4.0.202007081208/tools/bin/../lib/gcc/arm-none-eabi/7.3.1/thumb/v7-m\libgcc.a(_arm_muldivsf3.o)
                0x0000000008000cc4                __mulsf3
                0x0000000008000cc4                __aeabi_fmul
                0x0000000008000e2c                __aeabi_fdiv
                0x0000000008000e2c                __divsf3
 .text          0x0000000008000f64       0xec c:/st/stm32cubeide_1.4.0/stm32cubeide/plugins/com.st.stm32cube.ide.mcu.externaltools.gnu-tools-for-stm32.7-2018-q2-update.win32_1.4.0.202007081208/tools/bin/../lib/gcc/arm-none-eabi/7.3.1/thumb/v7-m\libgcc.a(_arm_cmpsf2.o)
                0x0000000008000f64                __gesf2
                0x0000000008000f64                __gtsf2
                0x0000000008000f6c                __lesf2
                0x0000000008000f6c                __ltsf2
                0x0000000008000f74                __nesf2
                0x0000000008000f74                __eqsf2
                0x0000000008000f74                __cmpsf2
                0x0000000008000fd4                __aeabi_cfrcmple
                0x0000000008000fdc                __aeabi_cfcmpeq
                0x0000000008000fdc                __aeabi_cfcmple
                0x0000000008000fec                __aeabi_fcmpeq
                0x0000000008001000                __aeabi_fcmplt
                0x0000000008001014                __aeabi_fcmple
                0x0000000008001028                __aeabi_fcmpge
                0x000000000800103c                __aeabi_fcmpgt
 .text          0x0000000008001050       0x30 c:/st/stm32cubeide_1.4.0/stm32cubeide/plugins/com.st.stm32cube.ide.mcu.externaltools.gnu-tools-for-stm32.7-2018-q2-update.win32_1.4.0.202007081208/tools/bin/../lib/gcc/arm-none-eabi/7.3.1/thumb/v7-m\libgcc.a(_aeabi_uldivmod.o)
                0x0000000008001050                __aeabi_uldivmod
 .text          0x0000000008001080      0x2d0 c:/st/stm32cubeide_1.4.0/stm32cubeide/plugins/com.st.stm32cube.ide.mcu.externaltools.gnu-tools-for-stm32.7-2018-q2-update.win32_1.4.0.202007081208/tools/bin/../lib/gcc/arm-none-eabi/7.3.1/thumb/v7-m\libgcc.a(_udivmoddi4.o)
                0x0000000008001080                __udivmoddi4
 .text          0x0000000008001350        0x4 c:/st/stm32cubeide_1.4.0/stm32cubeide/plugins/com.st.stm32cube.ide.mcu.externaltools.gnu-tools-for-stm32.7-2018-q2-update.win32_1.4.0.202007081208/tools/bin/../lib/gcc/arm-none-eabi/7.3.1/thumb/v7-m\libgcc.a(_dvmd_tls.o)
                0x0000000008001350                __aeabi_idiv0
                0x0000000008001350                __aeabi_ldiv0
 *(.text*)
 .text.blindSpotWarning
                0x0000000008001354       0x78 HAL/BlindSpot/BlindSpot.o
                0x0000000008001354                blindSpotWarning
 .text.getRelativeSpeed
                0x00000000080013cc       0x6c HAL/RearCollision/RearCollision.o
                0x00000000080013cc                getRelativeSpeed
 .text.rearCollisionWarning
                0x0000000008001438       0x8c HAL/RearCollision/RearCollision.o
                0x0000000008001438                rearCollisionWarning
 .text.ultraSonicInit
                0x00000000080014c4       0x54 HAL/ULTRA-SONIC/US_Driver.o
                0x00000000080014c4                ultraSonicInit
 .text.triggerUltraSonic
                0x0000000008001518       0x3c HAL/ULTRA-SONIC/US_Driver.o
                0x0000000008001518                triggerUltraSonic
 .text.Enable_NVIC
                0x0000000008001554       0xcc MCAL/EXTI/EXTI_Driver.o
                0x0000000008001554                Enable_NVIC
 .text.Disable_NVIC
                0x0000000008001620       0xc8 MCAL/EXTI/EXTI_Driver.o
                0x0000000008001620                Disable_NVIC
 .text.Update_EXTI
                0x00000000080016e8      0x1d4 MCAL/EXTI/EXTI_Driver.o
                0x00000000080016e8                Update_EXTI
 .text.MCAL_EXTI_GPIO_Init
                0x00000000080018bc       0x16 MCAL/EXTI/EXTI_Driver.o
                0x00000000080018bc                MCAL_EXTI_GPIO_Init
 *fill*         0x00000000080018d2        0x2 
 .text.EXTI0_IRQHandler
                0x00000000080018d4       0x24 MCAL/EXTI/EXTI_Driver.o
                0x00000000080018d4                EXTI0_IRQHandler
 .text.EXTI1_IRQHandler
                0x00000000080018f8       0x24 MCAL/EXTI/EXTI_Driver.o
                0x00000000080018f8                EXTI1_IRQHandler
 .text.EXTI2_IRQHandler
                0x000000000800191c       0x24 MCAL/EXTI/EXTI_Driver.o
                0x000000000800191c                EXTI2_IRQHandler
 .text.EXTI3_IRQHandler
                0x0000000008001940       0x24 MCAL/EXTI/EXTI_Driver.o
                0x0000000008001940                EXTI3_IRQHandler
 .text.EXTI4_IRQHandler
                0x0000000008001964       0x24 MCAL/EXTI/EXTI_Driver.o
                0x0000000008001964                EXTI4_IRQHandler
 .text.EXTI9_5_IRQHandler
                0x0000000008001988       0xa8 MCAL/EXTI/EXTI_Driver.o
                0x0000000008001988                EXTI9_5_IRQHandler
 .text.EXTI15_10_IRQHandler
                0x0000000008001a30       0xe4 MCAL/EXTI/EXTI_Driver.o
                0x0000000008001a30                EXTI15_10_IRQHandler
 .text.getCRLHPinPos
                0x0000000008001b14       0xc6 MCAL/GPIO/GPIO_Driver.o
                0x0000000008001b14                getCRLHPinPos
 .text.MCAL_GPIO_Init
                0x0000000008001bda      0x116 MCAL/GPIO/GPIO_Driver.o
                0x0000000008001bda                MCAL_GPIO_Init
 .text.MCAL_GPIO_WritePin
                0x0000000008001cf0       0x3c MCAL/GPIO/GPIO_Driver.o
                0x0000000008001cf0                MCAL_GPIO_WritePin
 .text.MCAL_RCC_GET_SYS_CLKFreq
                0x0000000008001d2c       0x44 MCAL/RCC/RCC.o
                0x0000000008001d2c                MCAL_RCC_GET_SYS_CLKFreq
 .text.MCAL_RCC_GET_HCLKFreq
                0x0000000008001d70       0x28 MCAL/RCC/RCC.o
                0x0000000008001d70                MCAL_RCC_GET_HCLKFreq
 .text.MCAL_RCC_GET_PCLK1Freq
                0x0000000008001d98       0x28 MCAL/RCC/RCC.o
                0x0000000008001d98                MCAL_RCC_GET_PCLK1Freq
 .text.MCAL_RCC_GET_PCLK2Freq
                0x0000000008001dc0       0x28 MCAL/RCC/RCC.o
                0x0000000008001dc0                MCAL_RCC_GET_PCLK2Freq
 .text.delay    0x0000000008001de8      0x160 MCAL/TIM/TIM.o
                0x0000000008001de8                delay
 .text.TIM1CalcMicrosInit
                0x0000000008001f48       0x7c MCAL/TIM/TIM.o
                0x0000000008001f48                TIM1CalcMicrosInit
 .text.TIM1CalcMicros
                0x0000000008001fc4       0x68 MCAL/TIM/TIM.o
                0x0000000008001fc4                TIM1CalcMicros
 .text.TIM2_IRQHandler
                0x000000000800202c       0x38 MCAL/TIM/TIM.o
                0x000000000800202c                TIM2_IRQHandler
 .text.TIM1_UP_IRQHandler
                0x0000000008002064       0x2c MCAL/TIM/TIM.o
                0x0000000008002064                TIM1_UP_IRQHandler
 .text.TIM3_IRQHandler
                0x0000000008002090       0x2c MCAL/TIM/TIM.o
                0x0000000008002090                TIM3_IRQHandler
 .text.TIM4_IRQHandler
                0x00000000080020bc       0x2c MCAL/TIM/TIM.o
                0x00000000080020bc                TIM4_IRQHandler
 .text.MCAL_UART_Init
                0x00000000080020e8      0x1a8 MCAL/UART/UART.o
                0x00000000080020e8                MCAL_UART_Init
 .text.MCAL_UART_SendData
                0x0000000008002290       0xc0 MCAL/UART/UART.o
                0x0000000008002290                MCAL_UART_SendData
 .text.MCAL_UART_GPIO_SetPins
                0x0000000008002350       0xcc MCAL/UART/UART.o
                0x0000000008002350                MCAL_UART_GPIO_SetPins
 .text.USART1_IRQHandler
                0x000000000800241c       0x14 MCAL/UART/UART.o
                0x000000000800241c                USART1_IRQHandler
 .text.USART2_IRQHandler
                0x0000000008002430       0x14 MCAL/UART/UART.o
                0x0000000008002430                USART2_IRQHandler
 .text.USART3_IRQHandler
                0x0000000008002444       0x14 MCAL/UART/UART.o
                0x0000000008002444                USART3_IRQHandler
 .text.echoSensorRight
                0x0000000008002458       0xe0 Src/main.o
                0x0000000008002458                echoSensorRight
 .text.echoSensorLeft
                0x0000000008002538       0xe0 Src/main.o
                0x0000000008002538                echoSensorLeft
 .text.echoSensorRear
                0x0000000008002618      0x104 Src/main.o
                0x0000000008002618                echoSensorRear
 .text.main     0x000000000800271c      0x2a8 Src/main.o
                0x000000000800271c                main
 .text._sbrk    0x00000000080029c4       0x6c Src/sysmem.o
                0x00000000080029c4                _sbrk
 .text.Reset_Handler
                0x0000000008002a30       0x50 Startup/startup_stm32f103c8tx.o
                0x0000000008002a30                Reset_Handler
 .text.Default_Handler
                0x0000000008002a80        0x2 Startup/startup_stm32f103c8tx.o
                0x0000000008002a80                TIM8_TRG_COM_IRQHandler
                0x0000000008002a80                TIM8_CC_IRQHandler
                0x0000000008002a80                DebugMon_Handler
                0x0000000008002a80                TIM1_CC_IRQHandler
                0x0000000008002a80                HardFault_Handler
                0x0000000008002a80                TIM6_IRQHandler
                0x0000000008002a80                SysTick_Handler
                0x0000000008002a80                PVD_IRQHandler
                0x0000000008002a80                SDIO_IRQHandler
                0x0000000008002a80                PendSV_Handler
                0x0000000008002a80                NMI_Handler
                0x0000000008002a80                USB_HP_CAN_TX_IRQHandler
                0x0000000008002a80                I2C2_EV_IRQHandler
                0x0000000008002a80                UsageFault_Handler
                0x0000000008002a80                ADC1_2_IRQHandler
                0x0000000008002a80                SPI1_IRQHandler
                0x0000000008002a80                CAN_SCE_IRQHandler
                0x0000000008002a80                TAMPER_IRQHandler
                0x0000000008002a80                TIM8_UP_IRQHandler
                0x0000000008002a80                DMA2_Channel2_IRQHandler
                0x0000000008002a80                DMA1_Channel4_IRQHandler
                0x0000000008002a80                RTC_IRQHandler
                0x0000000008002a80                DMA1_Channel7_IRQHandler
                0x0000000008002a80                UART5_IRQHandler
                0x0000000008002a80                ADC3_IRQHandler
                0x0000000008002a80                CAN_RX1_IRQHandler
                0x0000000008002a80                DMA2_Channel1_IRQHandler
                0x0000000008002a80                I2C1_EV_IRQHandler
                0x0000000008002a80                DMA1_Channel6_IRQHandler
                0x0000000008002a80                UART4_IRQHandler
                0x0000000008002a80                RCC_IRQHandler
                0x0000000008002a80                TIM1_TRG_COM_IRQHandler
                0x0000000008002a80                DMA1_Channel1_IRQHandler
                0x0000000008002a80                Default_Handler
                0x0000000008002a80                TIM7_IRQHandler
                0x0000000008002a80                TIM5_IRQHandler
                0x0000000008002a80                SPI2_IRQHandler
                0x0000000008002a80                USB_LP_CAN_RX0_IRQHandler
                0x0000000008002a80                MemManage_Handler
                0x0000000008002a80                SVC_Handler
                0x0000000008002a80                DMA1_Channel5_IRQHandler
                0x0000000008002a80                DMA1_Channel3_IRQHandler
                0x0000000008002a80                FSMC_IRQHandler
                0x0000000008002a80                WWDG_IRQHandler
                0x0000000008002a80                TIM1_BRK_IRQHandler
                0x0000000008002a80                RTCAlarm_IRQHandler
                0x0000000008002a80                DMA2_Channel4_5_IRQHandler
                0x0000000008002a80                I2C2_ER_IRQHandler
                0x0000000008002a80                DMA1_Channel2_IRQHandler
                0x0000000008002a80                TIM8_BRK_IRQHandler
                0x0000000008002a80                FLASH_IRQHandler
                0x0000000008002a80                BusFault_Handler
                0x0000000008002a80                SPI3_IRQHandler
                0x0000000008002a80                I2C1_ER_IRQHandler
                0x0000000008002a80                DMA2_Channel3_IRQHandler
 *fill*         0x0000000008002a82        0x2 
 .text.__errno  0x0000000008002a84        0xc c:/st/stm32cubeide_1.4.0/stm32cubeide/plugins/com.st.stm32cube.ide.mcu.externaltools.gnu-tools-for-stm32.7-2018-q2-update.win32_1.4.0.202007081208/tools/bin/../lib/gcc/arm-none-eabi/7.3.1/../../../../arm-none-eabi/lib/thumb/v7-m\libc_nano.a(lib_a-errno.o)
                0x0000000008002a84                __errno
 .text.__libc_init_array
                0x0000000008002a90       0x48 c:/st/stm32cubeide_1.4.0/stm32cubeide/plugins/com.st.stm32cube.ide.mcu.externaltools.gnu-tools-for-stm32.7-2018-q2-update.win32_1.4.0.202007081208/tools/bin/../lib/gcc/arm-none-eabi/7.3.1/../../../../arm-none-eabi/lib/thumb/v7-m\libc_nano.a(lib_a-init.o)
                0x0000000008002a90                __libc_init_array
 .text.memset   0x0000000008002ad8       0x10 c:/st/stm32cubeide_1.4.0/stm32cubeide/plugins/com.st.stm32cube.ide.mcu.externaltools.gnu-tools-for-stm32.7-2018-q2-update.win32_1.4.0.202007081208/tools/bin/../lib/gcc/arm-none-eabi/7.3.1/../../../../arm-none-eabi/lib/thumb/v7-m\libc_nano.a(lib_a-memset.o)
                0x0000000008002ad8                memset
 .text.__cvt    0x0000000008002ae8       0xb8 c:/st/stm32cubeide_1.4.0/stm32cubeide/plugins/com.st.stm32cube.ide.mcu.externaltools.gnu-tools-for-stm32.7-2018-q2-update.win32_1.4.0.202007081208/tools/bin/../lib/gcc/arm-none-eabi/7.3.1/../../../../arm-none-eabi/lib/thumb/v7-m\libc_nano.a(lib_a-nano-vfprintf_float.o)
                0x0000000008002ae8                __cvt
 .text.__exponent
                0x0000000008002ba0       0x6a c:/st/stm32cubeide_1.4.0/stm32cubeide/plugins/com.st.stm32cube.ide.mcu.externaltools.gnu-tools-for-stm32.7-2018-q2-update.win32_1.4.0.202007081208/tools/bin/../lib/gcc/arm-none-eabi/7.3.1/../../../../arm-none-eabi/lib/thumb/v7-m\libc_nano.a(lib_a-nano-vfprintf_float.o)
                0x0000000008002ba0                __exponent
 *fill*         0x0000000008002c0a        0x2 
 .text._printf_float
                0x0000000008002c0c      0x46c c:/st/stm32cubeide_1.4.0/stm32cubeide/plugins/com.st.stm32cube.ide.mcu.externaltools.gnu-tools-for-stm32.7-2018-q2-update.win32_1.4.0.202007081208/tools/bin/../lib/gcc/arm-none-eabi/7.3.1/../../../../arm-none-eabi/lib/thumb/v7-m\libc_nano.a(lib_a-nano-vfprintf_float.o)
                0x0000000008002c0c                _printf_float
 .text._printf_common
                0x0000000008003078       0xec c:/st/stm32cubeide_1.4.0/stm32cubeide/plugins/com.st.stm32cube.ide.mcu.externaltools.gnu-tools-for-stm32.7-2018-q2-update.win32_1.4.0.202007081208/tools/bin/../lib/gcc/arm-none-eabi/7.3.1/../../../../arm-none-eabi/lib/thumb/v7-m\libc_nano.a(lib_a-nano-vfprintf_i.o)
                0x0000000008003078                _printf_common
 .text.quorem   0x0000000008003164      0x11c c:/st/stm32cubeide_1.4.0/stm32cubeide/plugins/com.st.stm32cube.ide.mcu.externaltools.gnu-tools-for-stm32.7-2018-q2-update.win32_1.4.0.202007081208/tools/bin/../lib/gcc/arm-none-eabi/7.3.1/../../../../arm-none-eabi/lib/thumb/v7-m\libc_nano.a(lib_a-dtoa.o)
 .text._dtoa_r  0x0000000008003280      0xb68 c:/st/stm32cubeide_1.4.0/stm32cubeide/plugins/com.st.stm32cube.ide.mcu.externaltools.gnu-tools-for-stm32.7-2018-q2-update.win32_1.4.0.202007081208/tools/bin/../lib/gcc/arm-none-eabi/7.3.1/../../../../arm-none-eabi/lib/thumb/v7-m\libc_nano.a(lib_a-dtoa.o)
                0x0000000008003280                _dtoa_r
 .text._localeconv_r
                0x0000000008003de8       0x1c c:/st/stm32cubeide_1.4.0/stm32cubeide/plugins/com.st.stm32cube.ide.mcu.externaltools.gnu-tools-for-stm32.7-2018-q2-update.win32_1.4.0.202007081208/tools/bin/../lib/gcc/arm-none-eabi/7.3.1/../../../../arm-none-eabi/lib/thumb/v7-m\libc_nano.a(lib_a-localeconv.o)
                0x0000000008003de8                _localeconv_r
 .text.malloc   0x0000000008003e04       0x10 c:/st/stm32cubeide_1.4.0/stm32cubeide/plugins/com.st.stm32cube.ide.mcu.externaltools.gnu-tools-for-stm32.7-2018-q2-update.win32_1.4.0.202007081208/tools/bin/../lib/gcc/arm-none-eabi/7.3.1/../../../../arm-none-eabi/lib/thumb/v7-m\libc_nano.a(lib_a-malloc.o)
                0x0000000008003e04                malloc
 .text.memcpy   0x0000000008003e14       0x16 c:/st/stm32cubeide_1.4.0/stm32cubeide/plugins/com.st.stm32cube.ide.mcu.externaltools.gnu-tools-for-stm32.7-2018-q2-update.win32_1.4.0.202007081208/tools/bin/../lib/gcc/arm-none-eabi/7.3.1/../../../../arm-none-eabi/lib/thumb/v7-m\libc_nano.a(lib_a-memcpy-stub.o)
                0x0000000008003e14                memcpy
 .text._Balloc  0x0000000008003e2a       0x68 c:/st/stm32cubeide_1.4.0/stm32cubeide/plugins/com.st.stm32cube.ide.mcu.externaltools.gnu-tools-for-stm32.7-2018-q2-update.win32_1.4.0.202007081208/tools/bin/../lib/gcc/arm-none-eabi/7.3.1/../../../../arm-none-eabi/lib/thumb/v7-m\libc_nano.a(lib_a-mprec.o)
                0x0000000008003e2a                _Balloc
 .text._Bfree   0x0000000008003e92       0x2e c:/st/stm32cubeide_1.4.0/stm32cubeide/plugins/com.st.stm32cube.ide.mcu.externaltools.gnu-tools-for-stm32.7-2018-q2-update.win32_1.4.0.202007081208/tools/bin/../lib/gcc/arm-none-eabi/7.3.1/../../../../arm-none-eabi/lib/thumb/v7-m\libc_nano.a(lib_a-mprec.o)
                0x0000000008003e92                _Bfree
 .text.__multadd
                0x0000000008003ec0       0x76 c:/st/stm32cubeide_1.4.0/stm32cubeide/plugins/com.st.stm32cube.ide.mcu.externaltools.gnu-tools-for-stm32.7-2018-q2-update.win32_1.4.0.202007081208/tools/bin/../lib/gcc/arm-none-eabi/7.3.1/../../../../arm-none-eabi/lib/thumb/v7-m\libc_nano.a(lib_a-mprec.o)
                0x0000000008003ec0                __multadd
 .text.__hi0bits
                0x0000000008003f36       0x3e c:/st/stm32cubeide_1.4.0/stm32cubeide/plugins/com.st.stm32cube.ide.mcu.externaltools.gnu-tools-for-stm32.7-2018-q2-update.win32_1.4.0.202007081208/tools/bin/../lib/gcc/arm-none-eabi/7.3.1/../../../../arm-none-eabi/lib/thumb/v7-m\libc_nano.a(lib_a-mprec.o)
                0x0000000008003f36                __hi0bits
 .text.__lo0bits
                0x0000000008003f74       0x5e c:/st/stm32cubeide_1.4.0/stm32cubeide/plugins/com.st.stm32cube.ide.mcu.externaltools.gnu-tools-for-stm32.7-2018-q2-update.win32_1.4.0.202007081208/tools/bin/../lib/gcc/arm-none-eabi/7.3.1/../../../../arm-none-eabi/lib/thumb/v7-m\libc_nano.a(lib_a-mprec.o)
                0x0000000008003f74                __lo0bits
 .text.__i2b    0x0000000008003fd2       0x12 c:/st/stm32cubeide_1.4.0/stm32cubeide/plugins/com.st.stm32cube.ide.mcu.externaltools.gnu-tools-for-stm32.7-2018-q2-update.win32_1.4.0.202007081208/tools/bin/../lib/gcc/arm-none-eabi/7.3.1/../../../../arm-none-eabi/lib/thumb/v7-m\libc_nano.a(lib_a-mprec.o)
                0x0000000008003fd2                __i2b
 .text.__multiply
                0x0000000008003fe4      0x12a c:/st/stm32cubeide_1.4.0/stm32cubeide/plugins/com.st.stm32cube.ide.mcu.externaltools.gnu-tools-for-stm32.7-2018-q2-update.win32_1.4.0.202007081208/tools/bin/../lib/gcc/arm-none-eabi/7.3.1/../../../../arm-none-eabi/lib/thumb/v7-m\libc_nano.a(lib_a-mprec.o)
                0x0000000008003fe4                __multiply
 *fill*         0x000000000800410e        0x2 
 .text.__pow5mult
                0x0000000008004110       0x9c c:/st/stm32cubeide_1.4.0/stm32cubeide/plugins/com.st.stm32cube.ide.mcu.externaltools.gnu-tools-for-stm32.7-2018-q2-update.win32_1.4.0.202007081208/tools/bin/../lib/gcc/arm-none-eabi/7.3.1/../../../../arm-none-eabi/lib/thumb/v7-m\libc_nano.a(lib_a-mprec.o)
                0x0000000008004110                __pow5mult
 .text.__lshift
                0x00000000080041ac       0xa8 c:/st/stm32cubeide_1.4.0/stm32cubeide/plugins/com.st.stm32cube.ide.mcu.externaltools.gnu-tools-for-stm32.7-2018-q2-update.win32_1.4.0.202007081208/tools/bin/../lib/gcc/arm-none-eabi/7.3.1/../../../../arm-none-eabi/lib/thumb/v7-m\libc_nano.a(lib_a-mprec.o)
                0x00000000080041ac                __lshift
 .text.__mcmp   0x0000000008004254       0x34 c:/st/stm32cubeide_1.4.0/stm32cubeide/plugins/com.st.stm32cube.ide.mcu.externaltools.gnu-tools-for-stm32.7-2018-q2-update.win32_1.4.0.202007081208/tools/bin/../lib/gcc/arm-none-eabi/7.3.1/../../../../arm-none-eabi/lib/thumb/v7-m\libc_nano.a(lib_a-mprec.o)
                0x0000000008004254                __mcmp
 .text.__mdiff  0x0000000008004288       0xbc c:/st/stm32cubeide_1.4.0/stm32cubeide/plugins/com.st.stm32cube.ide.mcu.externaltools.gnu-tools-for-stm32.7-2018-q2-update.win32_1.4.0.202007081208/tools/bin/../lib/gcc/arm-none-eabi/7.3.1/../../../../arm-none-eabi/lib/thumb/v7-m\libc_nano.a(lib_a-mprec.o)
                0x0000000008004288                __mdiff
 .text.__d2b    0x0000000008004344       0x9e c:/st/stm32cubeide_1.4.0/stm32cubeide/plugins/com.st.stm32cube.ide.mcu.externaltools.gnu-tools-for-stm32.7-2018-q2-update.win32_1.4.0.202007081208/tools/bin/../lib/gcc/arm-none-eabi/7.3.1/../../../../arm-none-eabi/lib/thumb/v7-m\libc_nano.a(lib_a-mprec.o)
                0x0000000008004344                __d2b
 .text._calloc_r
                0x00000000080043e2       0x1c c:/st/stm32cubeide_1.4.0/stm32cubeide/plugins/com.st.stm32cube.ide.mcu.externaltools.gnu-tools-for-stm32.7-2018-q2-update.win32_1.4.0.202007081208/tools/bin/../lib/gcc/arm-none-eabi/7.3.1/../../../../arm-none-eabi/lib/thumb/v7-m\libc_nano.a(lib_a-nano-callocr.o)
                0x00000000080043e2                _calloc_r
 *fill*         0x00000000080043fe        0x2 
 .text._malloc_r
                0x0000000008004400       0xb4 c:/st/stm32cubeide_1.4.0/stm32cubeide/plugins/com.st.stm32cube.ide.mcu.externaltools.gnu-tools-for-stm32.7-2018-q2-update.win32_1.4.0.202007081208/tools/bin/../lib/gcc/arm-none-eabi/7.3.1/../../../../arm-none-eabi/lib/thumb/v7-m\libc_nano.a(lib_a-nano-mallocr.o)
                0x0000000008004400                _malloc_r
 .text._sbrk_r  0x00000000080044b4       0x20 c:/st/stm32cubeide_1.4.0/stm32cubeide/plugins/com.st.stm32cube.ide.mcu.externaltools.gnu-tools-for-stm32.7-2018-q2-update.win32_1.4.0.202007081208/tools/bin/../lib/gcc/arm-none-eabi/7.3.1/../../../../arm-none-eabi/lib/thumb/v7-m\libc_nano.a(lib_a-sbrkr.o)
                0x00000000080044b4                _sbrk_r
 .text.__ascii_mbtowc
                0x00000000080044d4       0x24 c:/st/stm32cubeide_1.4.0/stm32cubeide/plugins/com.st.stm32cube.ide.mcu.externaltools.gnu-tools-for-stm32.7-2018-q2-update.win32_1.4.0.202007081208/tools/bin/../lib/gcc/arm-none-eabi/7.3.1/../../../../arm-none-eabi/lib/thumb/v7-m\libc_nano.a(lib_a-mbtowc_r.o)
                0x00000000080044d4                __ascii_mbtowc
 .text.__malloc_lock
                0x00000000080044f8        0x2 c:/st/stm32cubeide_1.4.0/stm32cubeide/plugins/com.st.stm32cube.ide.mcu.externaltools.gnu-tools-for-stm32.7-2018-q2-update.win32_1.4.0.202007081208/tools/bin/../lib/gcc/arm-none-eabi/7.3.1/../../../../arm-none-eabi/lib/thumb/v7-m\libc_nano.a(lib_a-mlock.o)
                0x00000000080044f8                __malloc_lock
 .text.__malloc_unlock
                0x00000000080044fa        0x2 c:/st/stm32cubeide_1.4.0/stm32cubeide/plugins/com.st.stm32cube.ide.mcu.externaltools.gnu-tools-for-stm32.7-2018-q2-update.win32_1.4.0.202007081208/tools/bin/../lib/gcc/arm-none-eabi/7.3.1/../../../../arm-none-eabi/lib/thumb/v7-m\libc_nano.a(lib_a-mlock.o)
                0x00000000080044fa                __malloc_unlock
 .text.__ascii_wctomb
                0x00000000080044fc       0x1a c:/st/stm32cubeide_1.4.0/stm32cubeide/plugins/com.st.stm32cube.ide.mcu.externaltools.gnu-tools-for-stm32.7-2018-q2-update.win32_1.4.0.202007081208/tools/bin/../lib/gcc/arm-none-eabi/7.3.1/../../../../arm-none-eabi/lib/thumb/v7-m\libc_nano.a(lib_a-wctomb_r.o)
                0x00000000080044fc                __ascii_wctomb
 *(.glue_7)
 .glue_7        0x0000000008004516        0x0 linker stubs
 *(.glue_7t)
 .glue_7t       0x0000000008004516        0x0 linker stubs
 *(.eh_frame)
 *fill*         0x0000000008004516        0x2 
 .eh_frame      0x0000000008004518        0x0 c:/st/stm32cubeide_1.4.0/stm32cubeide/plugins/com.st.stm32cube.ide.mcu.externaltools.gnu-tools-for-stm32.7-2018-q2-update.win32_1.4.0.202007081208/tools/bin/../lib/gcc/arm-none-eabi/7.3.1/thumb/v7-m/crtbegin.o
 *(.init)
 .init          0x0000000008004518        0x4 c:/st/stm32cubeide_1.4.0/stm32cubeide/plugins/com.st.stm32cube.ide.mcu.externaltools.gnu-tools-for-stm32.7-2018-q2-update.win32_1.4.0.202007081208/tools/bin/../lib/gcc/arm-none-eabi/7.3.1/thumb/v7-m/crti.o
                0x0000000008004518                _init
 .init          0x000000000800451c        0x8 c:/st/stm32cubeide_1.4.0/stm32cubeide/plugins/com.st.stm32cube.ide.mcu.externaltools.gnu-tools-for-stm32.7-2018-q2-update.win32_1.4.0.202007081208/tools/bin/../lib/gcc/arm-none-eabi/7.3.1/thumb/v7-m/crtn.o
 *(.fini)
 .fini          0x0000000008004524        0x4 c:/st/stm32cubeide_1.4.0/stm32cubeide/plugins/com.st.stm32cube.ide.mcu.externaltools.gnu-tools-for-stm32.7-2018-q2-update.win32_1.4.0.202007081208/tools/bin/../lib/gcc/arm-none-eabi/7.3.1/thumb/v7-m/crti.o
                0x0000000008004524                _fini
 .fini          0x0000000008004528        0x8 c:/st/stm32cubeide_1.4.0/stm32cubeide/plugins/com.st.stm32cube.ide.mcu.externaltools.gnu-tools-for-stm32.7-2018-q2-update.win32_1.4.0.202007081208/tools/bin/../lib/gcc/arm-none-eabi/7.3.1/thumb/v7-m/crtn.o
                0x0000000008004530                . = ALIGN (0x4)
                0x0000000008004530                _etext = .

.vfp11_veneer   0x0000000008004530        0x0
 .vfp11_veneer  0x0000000008004530        0x0 linker stubs

.v4_bx          0x0000000008004530        0x0
 .v4_bx         0x0000000008004530        0x0 linker stubs

.iplt           0x0000000008004530        0x0
 .iplt          0x0000000008004530        0x0 c:/st/stm32cubeide_1.4.0/stm32cubeide/plugins/com.st.stm32cube.ide.mcu.externaltools.gnu-tools-for-stm32.7-2018-q2-update.win32_1.4.0.202007081208/tools/bin/../lib/gcc/arm-none-eabi/7.3.1/thumb/v7-m/crtbegin.o

.rodata         0x0000000008004530      0x268
                0x0000000008004530                . = ALIGN (0x4)
 *(.rodata)
 .rodata        0x0000000008004530       0x24 Src/main.o
 *(.rodata*)
 .rodata.APBPreSCTable
                0x0000000008004554        0x8 MCAL/RCC/RCC.o
                0x0000000008004554                APBPreSCTable
 .rodata.AHBPreSCTable
                0x000000000800455c       0x11 MCAL/RCC/RCC.o
                0x000000000800455c                AHBPreSCTable
 .rodata._printf_float.str1.1
                0x000000000800456d       0x12 c:/st/stm32cubeide_1.4.0/stm32cubeide/plugins/com.st.stm32cube.ide.mcu.externaltools.gnu-tools-for-stm32.7-2018-q2-update.win32_1.4.0.202007081208/tools/bin/../lib/gcc/arm-none-eabi/7.3.1/../../../../arm-none-eabi/lib/thumb/v7-m\libc_nano.a(lib_a-nano-vfprintf_float.o)
 .rodata._dtoa_r.str1.1
                0x000000000800457f        0xd c:/st/stm32cubeide_1.4.0/stm32cubeide/plugins/com.st.stm32cube.ide.mcu.externaltools.gnu-tools-for-stm32.7-2018-q2-update.win32_1.4.0.202007081208/tools/bin/../lib/gcc/arm-none-eabi/7.3.1/../../../../arm-none-eabi/lib/thumb/v7-m\libc_nano.a(lib_a-dtoa.o)
                                          0xf (size before relaxing)
 *fill*         0x000000000800458c        0x4 
 .rodata.__mprec_bigtens
                0x0000000008004590       0x28 c:/st/stm32cubeide_1.4.0/stm32cubeide/plugins/com.st.stm32cube.ide.mcu.externaltools.gnu-tools-for-stm32.7-2018-q2-update.win32_1.4.0.202007081208/tools/bin/../lib/gcc/arm-none-eabi/7.3.1/../../../../arm-none-eabi/lib/thumb/v7-m\libc_nano.a(lib_a-mprec.o)
                0x0000000008004590                __mprec_bigtens
 .rodata.__mprec_tens
                0x00000000080045b8       0xc8 c:/st/stm32cubeide_1.4.0/stm32cubeide/plugins/com.st.stm32cube.ide.mcu.externaltools.gnu-tools-for-stm32.7-2018-q2-update.win32_1.4.0.202007081208/tools/bin/../lib/gcc/arm-none-eabi/7.3.1/../../../../arm-none-eabi/lib/thumb/v7-m\libc_nano.a(lib_a-mprec.o)
                0x00000000080045b8                __mprec_tens
 .rodata.p05.6084
                0x0000000008004680        0xc c:/st/stm32cubeide_1.4.0/stm32cubeide/plugins/com.st.stm32cube.ide.mcu.externaltools.gnu-tools-for-stm32.7-2018-q2-update.win32_1.4.0.202007081208/tools/bin/../lib/gcc/arm-none-eabi/7.3.1/../../../../arm-none-eabi/lib/thumb/v7-m\libc_nano.a(lib_a-mprec.o)
 .rodata._setlocale_r.str1.1
                0x000000000800468c        0x8 c:/st/stm32cubeide_1.4.0/stm32cubeide/plugins/com.st.stm32cube.ide.mcu.externaltools.gnu-tools-for-stm32.7-2018-q2-update.win32_1.4.0.202007081208/tools/bin/../lib/gcc/arm-none-eabi/7.3.1/../../../../arm-none-eabi/lib/thumb/v7-m\libc_nano.a(lib_a-locale.o)
                                          0x9 (size before relaxing)
 .rodata.str1.1
                0x0000000008004694        0x2 c:/st/stm32cubeide_1.4.0/stm32cubeide/plugins/com.st.stm32cube.ide.mcu.externaltools.gnu-tools-for-stm32.7-2018-q2-update.win32_1.4.0.202007081208/tools/bin/../lib/gcc/arm-none-eabi/7.3.1/../../../../arm-none-eabi/lib/thumb/v7-m\libc_nano.a(lib_a-locale.o)
 .rodata._ctype_
                0x0000000008004696      0x101 c:/st/stm32cubeide_1.4.0/stm32cubeide/plugins/com.st.stm32cube.ide.mcu.externaltools.gnu-tools-for-stm32.7-2018-q2-update.win32_1.4.0.202007081208/tools/bin/../lib/gcc/arm-none-eabi/7.3.1/../../../../arm-none-eabi/lib/thumb/v7-m\libc_nano.a(lib_a-ctype_.o)
                0x0000000008004696                _ctype_
                0x0000000008004798                . = ALIGN (0x4)
 *fill*         0x0000000008004797        0x1 

.ARM.extab      0x0000000008004798        0x0
                0x0000000008004798                . = ALIGN (0x4)
 *(.ARM.extab* .gnu.linkonce.armextab.*)
                0x0000000008004798                . = ALIGN (0x4)

.ARM            0x0000000008004798        0x8
                0x0000000008004798                . = ALIGN (0x4)
                0x0000000008004798                __exidx_start = .
 *(.ARM.exidx*)
 .ARM.exidx     0x0000000008004798        0x8 c:/st/stm32cubeide_1.4.0/stm32cubeide/plugins/com.st.stm32cube.ide.mcu.externaltools.gnu-tools-for-stm32.7-2018-q2-update.win32_1.4.0.202007081208/tools/bin/../lib/gcc/arm-none-eabi/7.3.1/thumb/v7-m\libgcc.a(_udivmoddi4.o)
                0x00000000080047a0                __exidx_end = .
                0x00000000080047a0                . = ALIGN (0x4)

.rel.dyn        0x00000000080047a0        0x0
 .rel.iplt      0x00000000080047a0        0x0 c:/st/stm32cubeide_1.4.0/stm32cubeide/plugins/com.st.stm32cube.ide.mcu.externaltools.gnu-tools-for-stm32.7-2018-q2-update.win32_1.4.0.202007081208/tools/bin/../lib/gcc/arm-none-eabi/7.3.1/thumb/v7-m/crtbegin.o

.preinit_array  0x00000000080047a0        0x0
                0x00000000080047a0                . = ALIGN (0x4)
                0x00000000080047a0                PROVIDE (__preinit_array_start = .)
 *(.preinit_array*)
                0x00000000080047a0                PROVIDE (__preinit_array_end = .)
                0x00000000080047a0                . = ALIGN (0x4)

.init_array     0x00000000080047a0        0x4
                0x00000000080047a0                . = ALIGN (0x4)
                0x00000000080047a0                PROVIDE (__init_array_start = .)
 *(SORT_BY_NAME(.init_array.*))
 *(.init_array*)
 .init_array    0x00000000080047a0        0x4 c:/st/stm32cubeide_1.4.0/stm32cubeide/plugins/com.st.stm32cube.ide.mcu.externaltools.gnu-tools-for-stm32.7-2018-q2-update.win32_1.4.0.202007081208/tools/bin/../lib/gcc/arm-none-eabi/7.3.1/thumb/v7-m/crtbegin.o
                0x00000000080047a4                PROVIDE (__init_array_end = .)
                0x00000000080047a4                . = ALIGN (0x4)

.fini_array     0x00000000080047a4        0x4
                0x00000000080047a4                . = ALIGN (0x4)
                [!provide]                        PROVIDE (__fini_array_start = .)
 *(SORT_BY_NAME(.fini_array.*))
 *(.fini_array*)
 .fini_array    0x00000000080047a4        0x4 c:/st/stm32cubeide_1.4.0/stm32cubeide/plugins/com.st.stm32cube.ide.mcu.externaltools.gnu-tools-for-stm32.7-2018-q2-update.win32_1.4.0.202007081208/tools/bin/../lib/gcc/arm-none-eabi/7.3.1/thumb/v7-m/crtbegin.o
                [!provide]                        PROVIDE (__fini_array_end = .)
                0x00000000080047a8                . = ALIGN (0x4)
                0x00000000080047a8                _sidata = LOADADDR (.data)

.data           0x0000000020000000      0x1ec load address 0x00000000080047a8
                0x0000000020000000                . = ALIGN (0x4)
                0x0000000020000000                _sdata = .
 *(.data)
 *(.data*)
 .data.ch1      0x0000000020000000        0x1 HAL/BlindSpot/BlindSpot.o
                0x0000000020000000                ch1
 .data.ch2      0x0000000020000001        0x1 HAL/RearCollision/RearCollision.o
                0x0000000020000001                ch2
 .data.delayFlag
                0x0000000020000002        0x1 MCAL/TIM/TIM.o
                0x0000000020000002                delayFlag
 *fill*         0x0000000020000003        0x5 
 .data.distanceRear
                0x0000000020000008        0x8 Src/main.o
                0x0000000020000008                distanceRear
 .data.distanceRight
                0x0000000020000010        0x8 Src/main.o
                0x0000000020000010                distanceRight
 .data.prevRearDistance
                0x0000000020000018        0x4 Src/main.o
                0x0000000020000018                prevRearDistance
 .data._impure_ptr
                0x000000002000001c        0x4 c:/st/stm32cubeide_1.4.0/stm32cubeide/plugins/com.st.stm32cube.ide.mcu.externaltools.gnu-tools-for-stm32.7-2018-q2-update.win32_1.4.0.202007081208/tools/bin/../lib/gcc/arm-none-eabi/7.3.1/../../../../arm-none-eabi/lib/thumb/v7-m\libc_nano.a(lib_a-impure.o)
                0x000000002000001c                _impure_ptr
 .data.impure_data
                0x0000000020000020       0x60 c:/st/stm32cubeide_1.4.0/stm32cubeide/plugins/com.st.stm32cube.ide.mcu.externaltools.gnu-tools-for-stm32.7-2018-q2-update.win32_1.4.0.202007081208/tools/bin/../lib/gcc/arm-none-eabi/7.3.1/../../../../arm-none-eabi/lib/thumb/v7-m\libc_nano.a(lib_a-impure.o)
 .data.__global_locale
                0x0000000020000080      0x16c c:/st/stm32cubeide_1.4.0/stm32cubeide/plugins/com.st.stm32cube.ide.mcu.externaltools.gnu-tools-for-stm32.7-2018-q2-update.win32_1.4.0.202007081208/tools/bin/../lib/gcc/arm-none-eabi/7.3.1/../../../../arm-none-eabi/lib/thumb/v7-m\libc_nano.a(lib_a-locale.o)
                0x0000000020000080                __global_locale
                0x00000000200001ec                . = ALIGN (0x4)
                0x00000000200001ec                _edata = .

.igot.plt       0x00000000200001ec        0x0 load address 0x0000000008004994
 .igot.plt      0x00000000200001ec        0x0 c:/st/stm32cubeide_1.4.0/stm32cubeide/plugins/com.st.stm32cube.ide.mcu.externaltools.gnu-tools-for-stm32.7-2018-q2-update.win32_1.4.0.202007081208/tools/bin/../lib/gcc/arm-none-eabi/7.3.1/thumb/v7-m/crtbegin.o
                0x00000000200001ec                . = ALIGN (0x4)

.bss            0x00000000200001f0       0xf4 load address 0x0000000008004994
                0x00000000200001f0                _sbss = .
                0x00000000200001f0                __bss_start__ = _sbss
 *(.bss)
 .bss           0x00000000200001f0       0x1c c:/st/stm32cubeide_1.4.0/stm32cubeide/plugins/com.st.stm32cube.ide.mcu.externaltools.gnu-tools-for-stm32.7-2018-q2-update.win32_1.4.0.202007081208/tools/bin/../lib/gcc/arm-none-eabi/7.3.1/thumb/v7-m/crtbegin.o
 *(.bss*)
 .bss.overflowTimsTIM4
                0x000000002000020c        0x2 MCAL/TIM/TIM.o
                0x000000002000020c                overflowTimsTIM4
 .bss.overflowTimsTIM3
                0x000000002000020e        0x2 MCAL/TIM/TIM.o
                0x000000002000020e                overflowTimsTIM3
 .bss.overflowTimsTIM1
                0x0000000020000210        0x2 MCAL/TIM/TIM.o
                0x0000000020000210                overflowTimsTIM1
 .bss.timerTicksTIM1
                0x0000000020000212        0x2 MCAL/TIM/TIM.o
                0x0000000020000212                timerTicksTIM1
 *fill*         0x0000000020000214        0x4 
 .bss.xMicros   0x0000000020000218        0x8 MCAL/TIM/TIM.o
                0x0000000020000218                xMicros
 .bss.echoFlagLeft
                0x0000000020000220        0x1 Src/main.o
                0x0000000020000220                echoFlagLeft
 *fill*         0x0000000020000221        0x7 
 .bss.distanceLeft
                0x0000000020000228        0x8 Src/main.o
                0x0000000020000228                distanceLeft
 .bss.echoFlagRear
                0x0000000020000230        0x1 Src/main.o
                0x0000000020000230                echoFlagRear
 *fill*         0x0000000020000231        0x7 
 .bss.endTimeRear
                0x0000000020000238        0x8 Src/main.o
                0x0000000020000238                endTimeRear
 .bss.startTimeRear
                0x0000000020000240        0x8 Src/main.o
                0x0000000020000240                startTimeRear
 .bss.echoFlagRight
                0x0000000020000248        0x1 Src/main.o
                0x0000000020000248                echoFlagRight
 *fill*         0x0000000020000249        0x7 
 .bss.endTimeRight
                0x0000000020000250        0x8 Src/main.o
                0x0000000020000250                endTimeRight
 .bss.startTimeRight
                0x0000000020000258        0x8 Src/main.o
                0x0000000020000258                startTimeRight
 .bss.endTimeLeft
                0x0000000020000260        0x8 Src/main.o
                0x0000000020000260                endTimeLeft
 .bss.startTimeLeft
                0x0000000020000268        0x8 Src/main.o
                0x0000000020000268                startTimeLeft
 .bss.currRearTime
                0x0000000020000270        0x4 Src/main.o
                0x0000000020000270                currRearTime
 .bss.prevRearTime
                0x0000000020000274        0x4 Src/main.o
                0x0000000020000274                prevRearTime
 .bss.relativeSpeed
                0x0000000020000278        0x4 Src/main.o
                0x0000000020000278                relativeSpeed
 .bss.timeDiff  0x000000002000027c        0x4 Src/main.o
                0x000000002000027c                timeDiff
 .bss.__sbrk_heap_end
                0x0000000020000280        0x4 Src/sysmem.o
 .bss.__malloc_free_list
                0x0000000020000284        0x4 c:/st/stm32cubeide_1.4.0/stm32cubeide/plugins/com.st.stm32cube.ide.mcu.externaltools.gnu-tools-for-stm32.7-2018-q2-update.win32_1.4.0.202007081208/tools/bin/../lib/gcc/arm-none-eabi/7.3.1/../../../../arm-none-eabi/lib/thumb/v7-m\libc_nano.a(lib_a-nano-mallocr.o)
                0x0000000020000284                __malloc_free_list
 .bss.__malloc_sbrk_start
                0x0000000020000288        0x4 c:/st/stm32cubeide_1.4.0/stm32cubeide/plugins/com.st.stm32cube.ide.mcu.externaltools.gnu-tools-for-stm32.7-2018-q2-update.win32_1.4.0.202007081208/tools/bin/../lib/gcc/arm-none-eabi/7.3.1/../../../../arm-none-eabi/lib/thumb/v7-m\libc_nano.a(lib_a-nano-mallocr.o)
                0x0000000020000288                __malloc_sbrk_start
 *(COMMON)
 COMMON         0x000000002000028c       0x40 MCAL/EXTI/EXTI_Driver.o
                0x000000002000028c                GP_IRQ_Callback
 COMMON         0x00000000200002cc       0x14 MCAL/UART/UART.o
                0x00000000200002cc                BRR
                0x00000000200002d0                pclk
                0x00000000200002d4                UARTGlobalCfg
 COMMON         0x00000000200002e0        0x4 c:/st/stm32cubeide_1.4.0/stm32cubeide/plugins/com.st.stm32cube.ide.mcu.externaltools.gnu-tools-for-stm32.7-2018-q2-update.win32_1.4.0.202007081208/tools/bin/../lib/gcc/arm-none-eabi/7.3.1/../../../../arm-none-eabi/lib/thumb/v7-m\libc_nano.a(lib_a-reent.o)
                0x00000000200002e0                errno
                0x00000000200002e4                . = ALIGN (0x4)
                0x00000000200002e4                _ebss = .
                0x00000000200002e4                __bss_end__ = _ebss

._user_heap_stack
                0x00000000200002e4      0x604 load address 0x0000000008004994
                0x00000000200002e8                . = ALIGN (0x8)
 *fill*         0x00000000200002e4        0x4 
                [!provide]                        PROVIDE (end = .)
                0x00000000200002e8                PROVIDE (_end = .)
                0x00000000200004e8                . = (. + _Min_Heap_Size)
 *fill*         0x00000000200002e8      0x200 
                0x00000000200008e8                . = (. + _Min_Stack_Size)
 *fill*         0x00000000200004e8      0x400 
                0x00000000200008e8                . = ALIGN (0x8)

/DISCARD/
 libc.a(*)
 libm.a(*)
 libgcc.a(*)

.ARM.attributes
                0x0000000000000000       0x29
 *(.ARM.attributes)
 .ARM.attributes
                0x0000000000000000       0x1d c:/st/stm32cubeide_1.4.0/stm32cubeide/plugins/com.st.stm32cube.ide.mcu.externaltools.gnu-tools-for-stm32.7-2018-q2-update.win32_1.4.0.202007081208/tools/bin/../lib/gcc/arm-none-eabi/7.3.1/thumb/v7-m/crti.o
 .ARM.attributes
                0x000000000000001d       0x2d c:/st/stm32cubeide_1.4.0/stm32cubeide/plugins/com.st.stm32cube.ide.mcu.externaltools.gnu-tools-for-stm32.7-2018-q2-update.win32_1.4.0.202007081208/tools/bin/../lib/gcc/arm-none-eabi/7.3.1/thumb/v7-m/crtbegin.o
 .ARM.attributes
                0x000000000000004a       0x33 HAL/BlindSpot/BlindSpot.o
 .ARM.attributes
                0x000000000000007d       0x33 HAL/RearCollision/RearCollision.o
 .ARM.attributes
                0x00000000000000b0       0x33 HAL/ULTRA-SONIC/US_Driver.o
 .ARM.attributes
                0x00000000000000e3       0x33 MCAL/EXTI/EXTI_Driver.o
 .ARM.attributes
                0x0000000000000116       0x33 MCAL/GPIO/GPIO_Driver.o
 .ARM.attributes
                0x0000000000000149       0x33 MCAL/RCC/RCC.o
 .ARM.attributes
                0x000000000000017c       0x33 MCAL/TIM/TIM.o
 .ARM.attributes
                0x00000000000001af       0x33 MCAL/UART/UART.o
 .ARM.attributes
                0x00000000000001e2       0x33 Src/main.o
 .ARM.attributes
                0x0000000000000215       0x33 Src/sysmem.o
 .ARM.attributes
                0x0000000000000248       0x21 Startup/startup_stm32f103c8tx.o
 .ARM.attributes
                0x0000000000000269       0x2d c:/st/stm32cubeide_1.4.0/stm32cubeide/plugins/com.st.stm32cube.ide.mcu.externaltools.gnu-tools-for-stm32.7-2018-q2-update.win32_1.4.0.202007081208/tools/bin/../lib/gcc/arm-none-eabi/7.3.1/../../../../arm-none-eabi/lib/thumb/v7-m\libc_nano.a(lib_a-errno.o)
 .ARM.attributes
                0x0000000000000296       0x2d c:/st/stm32cubeide_1.4.0/stm32cubeide/plugins/com.st.stm32cube.ide.mcu.externaltools.gnu-tools-for-stm32.7-2018-q2-update.win32_1.4.0.202007081208/tools/bin/../lib/gcc/arm-none-eabi/7.3.1/../../../../arm-none-eabi/lib/thumb/v7-m\libc_nano.a(lib_a-impure.o)
 .ARM.attributes
                0x00000000000002c3       0x2d c:/st/stm32cubeide_1.4.0/stm32cubeide/plugins/com.st.stm32cube.ide.mcu.externaltools.gnu-tools-for-stm32.7-2018-q2-update.win32_1.4.0.202007081208/tools/bin/../lib/gcc/arm-none-eabi/7.3.1/../../../../arm-none-eabi/lib/thumb/v7-m\libc_nano.a(lib_a-init.o)
 .ARM.attributes
                0x00000000000002f0       0x2d c:/st/stm32cubeide_1.4.0/stm32cubeide/plugins/com.st.stm32cube.ide.mcu.externaltools.gnu-tools-for-stm32.7-2018-q2-update.win32_1.4.0.202007081208/tools/bin/../lib/gcc/arm-none-eabi/7.3.1/../../../../arm-none-eabi/lib/thumb/v7-m\libc_nano.a(lib_a-memset.o)
 .ARM.attributes
                0x000000000000031d       0x2d c:/st/stm32cubeide_1.4.0/stm32cubeide/plugins/com.st.stm32cube.ide.mcu.externaltools.gnu-tools-for-stm32.7-2018-q2-update.win32_1.4.0.202007081208/tools/bin/../lib/gcc/arm-none-eabi/7.3.1/../../../../arm-none-eabi/lib/thumb/v7-m\libc_nano.a(lib_a-nano-vfprintf_float.o)
 .ARM.attributes
                0x000000000000034a       0x2d c:/st/stm32cubeide_1.4.0/stm32cubeide/plugins/com.st.stm32cube.ide.mcu.externaltools.gnu-tools-for-stm32.7-2018-q2-update.win32_1.4.0.202007081208/tools/bin/../lib/gcc/arm-none-eabi/7.3.1/../../../../arm-none-eabi/lib/thumb/v7-m\libc_nano.a(lib_a-nano-vfprintf_i.o)
 .ARM.attributes
                0x0000000000000377       0x17 c:/st/stm32cubeide_1.4.0/stm32cubeide/plugins/com.st.stm32cube.ide.mcu.externaltools.gnu-tools-for-stm32.7-2018-q2-update.win32_1.4.0.202007081208/tools/bin/../lib/gcc/arm-none-eabi/7.3.1/../../../../arm-none-eabi/lib/thumb/v7-m\libc_nano.a(lib_a-strlen.o)
 .ARM.attributes
                0x000000000000038e       0x2d c:/st/stm32cubeide_1.4.0/stm32cubeide/plugins/com.st.stm32cube.ide.mcu.externaltools.gnu-tools-for-stm32.7-2018-q2-update.win32_1.4.0.202007081208/tools/bin/../lib/gcc/arm-none-eabi/7.3.1/../../../../arm-none-eabi/lib/thumb/v7-m\libc_nano.a(lib_a-dtoa.o)
 .ARM.attributes
                0x00000000000003bb       0x2d c:/st/stm32cubeide_1.4.0/stm32cubeide/plugins/com.st.stm32cube.ide.mcu.externaltools.gnu-tools-for-stm32.7-2018-q2-update.win32_1.4.0.202007081208/tools/bin/../lib/gcc/arm-none-eabi/7.3.1/../../../../arm-none-eabi/lib/thumb/v7-m\libc_nano.a(lib_a-localeconv.o)
 .ARM.attributes
                0x00000000000003e8       0x2d c:/st/stm32cubeide_1.4.0/stm32cubeide/plugins/com.st.stm32cube.ide.mcu.externaltools.gnu-tools-for-stm32.7-2018-q2-update.win32_1.4.0.202007081208/tools/bin/../lib/gcc/arm-none-eabi/7.3.1/../../../../arm-none-eabi/lib/thumb/v7-m\libc_nano.a(lib_a-malloc.o)
 .ARM.attributes
                0x0000000000000415       0x2d c:/st/stm32cubeide_1.4.0/stm32cubeide/plugins/com.st.stm32cube.ide.mcu.externaltools.gnu-tools-for-stm32.7-2018-q2-update.win32_1.4.0.202007081208/tools/bin/../lib/gcc/arm-none-eabi/7.3.1/../../../../arm-none-eabi/lib/thumb/v7-m\libc_nano.a(lib_a-memcpy-stub.o)
 .ARM.attributes
                0x0000000000000442       0x2d c:/st/stm32cubeide_1.4.0/stm32cubeide/plugins/com.st.stm32cube.ide.mcu.externaltools.gnu-tools-for-stm32.7-2018-q2-update.win32_1.4.0.202007081208/tools/bin/../lib/gcc/arm-none-eabi/7.3.1/../../../../arm-none-eabi/lib/thumb/v7-m\libc_nano.a(lib_a-mprec.o)
 .ARM.attributes
                0x000000000000046f       0x2d c:/st/stm32cubeide_1.4.0/stm32cubeide/plugins/com.st.stm32cube.ide.mcu.externaltools.gnu-tools-for-stm32.7-2018-q2-update.win32_1.4.0.202007081208/tools/bin/../lib/gcc/arm-none-eabi/7.3.1/../../../../arm-none-eabi/lib/thumb/v7-m\libc_nano.a(lib_a-nano-callocr.o)
 .ARM.attributes
                0x000000000000049c       0x2d c:/st/stm32cubeide_1.4.0/stm32cubeide/plugins/com.st.stm32cube.ide.mcu.externaltools.gnu-tools-for-stm32.7-2018-q2-update.win32_1.4.0.202007081208/tools/bin/../lib/gcc/arm-none-eabi/7.3.1/../../../../arm-none-eabi/lib/thumb/v7-m\libc_nano.a(lib_a-nano-mallocr.o)
 .ARM.attributes
                0x00000000000004c9       0x2d c:/st/stm32cubeide_1.4.0/stm32cubeide/plugins/com.st.stm32cube.ide.mcu.externaltools.gnu-tools-for-stm32.7-2018-q2-update.win32_1.4.0.202007081208/tools/bin/../lib/gcc/arm-none-eabi/7.3.1/../../../../arm-none-eabi/lib/thumb/v7-m\libc_nano.a(lib_a-sbrkr.o)
 .ARM.attributes
                0x00000000000004f6       0x2d c:/st/stm32cubeide_1.4.0/stm32cubeide/plugins/com.st.stm32cube.ide.mcu.externaltools.gnu-tools-for-stm32.7-2018-q2-update.win32_1.4.0.202007081208/tools/bin/../lib/gcc/arm-none-eabi/7.3.1/../../../../arm-none-eabi/lib/thumb/v7-m\libc_nano.a(lib_a-locale.o)
 .ARM.attributes
                0x0000000000000523       0x2d c:/st/stm32cubeide_1.4.0/stm32cubeide/plugins/com.st.stm32cube.ide.mcu.externaltools.gnu-tools-for-stm32.7-2018-q2-update.win32_1.4.0.202007081208/tools/bin/../lib/gcc/arm-none-eabi/7.3.1/../../../../arm-none-eabi/lib/thumb/v7-m\libc_nano.a(lib_a-mbtowc_r.o)
 .ARM.attributes
                0x0000000000000550       0x2d c:/st/stm32cubeide_1.4.0/stm32cubeide/plugins/com.st.stm32cube.ide.mcu.externaltools.gnu-tools-for-stm32.7-2018-q2-update.win32_1.4.0.202007081208/tools/bin/../lib/gcc/arm-none-eabi/7.3.1/../../../../arm-none-eabi/lib/thumb/v7-m\libc_nano.a(lib_a-mlock.o)
 .ARM.attributes
                0x000000000000057d       0x2d c:/st/stm32cubeide_1.4.0/stm32cubeide/plugins/com.st.stm32cube.ide.mcu.externaltools.gnu-tools-for-stm32.7-2018-q2-update.win32_1.4.0.202007081208/tools/bin/../lib/gcc/arm-none-eabi/7.3.1/../../../../arm-none-eabi/lib/thumb/v7-m\libc_nano.a(lib_a-reent.o)
 .ARM.attributes
                0x00000000000005aa       0x2d c:/st/stm32cubeide_1.4.0/stm32cubeide/plugins/com.st.stm32cube.ide.mcu.externaltools.gnu-tools-for-stm32.7-2018-q2-update.win32_1.4.0.202007081208/tools/bin/../lib/gcc/arm-none-eabi/7.3.1/../../../../arm-none-eabi/lib/thumb/v7-m\libc_nano.a(lib_a-wctomb_r.o)
 .ARM.attributes
                0x00000000000005d7       0x2d c:/st/stm32cubeide_1.4.0/stm32cubeide/plugins/com.st.stm32cube.ide.mcu.externaltools.gnu-tools-for-stm32.7-2018-q2-update.win32_1.4.0.202007081208/tools/bin/../lib/gcc/arm-none-eabi/7.3.1/../../../../arm-none-eabi/lib/thumb/v7-m\libc_nano.a(lib_a-ctype_.o)
 .ARM.attributes
                0x0000000000000604       0x1d c:/st/stm32cubeide_1.4.0/stm32cubeide/plugins/com.st.stm32cube.ide.mcu.externaltools.gnu-tools-for-stm32.7-2018-q2-update.win32_1.4.0.202007081208/tools/bin/../lib/gcc/arm-none-eabi/7.3.1/thumb/v7-m\libgcc.a(_arm_addsubdf3.o)
 .ARM.attributes
                0x0000000000000621       0x1d c:/st/stm32cubeide_1.4.0/stm32cubeide/plugins/com.st.stm32cube.ide.mcu.externaltools.gnu-tools-for-stm32.7-2018-q2-update.win32_1.4.0.202007081208/tools/bin/../lib/gcc/arm-none-eabi/7.3.1/thumb/v7-m\libgcc.a(_arm_muldivdf3.o)
 .ARM.attributes
                0x000000000000063e       0x1d c:/st/stm32cubeide_1.4.0/stm32cubeide/plugins/com.st.stm32cube.ide.mcu.externaltools.gnu-tools-for-stm32.7-2018-q2-update.win32_1.4.0.202007081208/tools/bin/../lib/gcc/arm-none-eabi/7.3.1/thumb/v7-m\libgcc.a(_arm_cmpdf2.o)
 .ARM.attributes
                0x000000000000065b       0x1d c:/st/stm32cubeide_1.4.0/stm32cubeide/plugins/com.st.stm32cube.ide.mcu.externaltools.gnu-tools-for-stm32.7-2018-q2-update.win32_1.4.0.202007081208/tools/bin/../lib/gcc/arm-none-eabi/7.3.1/thumb/v7-m\libgcc.a(_arm_unorddf2.o)
 .ARM.attributes
                0x0000000000000678       0x1d c:/st/stm32cubeide_1.4.0/stm32cubeide/plugins/com.st.stm32cube.ide.mcu.externaltools.gnu-tools-for-stm32.7-2018-q2-update.win32_1.4.0.202007081208/tools/bin/../lib/gcc/arm-none-eabi/7.3.1/thumb/v7-m\libgcc.a(_arm_fixdfsi.o)
 .ARM.attributes
                0x0000000000000695       0x1d c:/st/stm32cubeide_1.4.0/stm32cubeide/plugins/com.st.stm32cube.ide.mcu.externaltools.gnu-tools-for-stm32.7-2018-q2-update.win32_1.4.0.202007081208/tools/bin/../lib/gcc/arm-none-eabi/7.3.1/thumb/v7-m\libgcc.a(_arm_addsubsf3.o)
 .ARM.attributes
                0x00000000000006b2       0x1d c:/st/stm32cubeide_1.4.0/stm32cubeide/plugins/com.st.stm32cube.ide.mcu.externaltools.gnu-tools-for-stm32.7-2018-q2-update.win32_1.4.0.202007081208/tools/bin/../lib/gcc/arm-none-eabi/7.3.1/thumb/v7-m\libgcc.a(_arm_muldivsf3.o)
 .ARM.attributes
                0x00000000000006cf       0x1d c:/st/stm32cubeide_1.4.0/stm32cubeide/plugins/com.st.stm32cube.ide.mcu.externaltools.gnu-tools-for-stm32.7-2018-q2-update.win32_1.4.0.202007081208/tools/bin/../lib/gcc/arm-none-eabi/7.3.1/thumb/v7-m\libgcc.a(_arm_cmpsf2.o)
 .ARM.attributes
                0x00000000000006ec       0x1d c:/st/stm32cubeide_1.4.0/stm32cubeide/plugins/com.st.stm32cube.ide.mcu.externaltools.gnu-tools-for-stm32.7-2018-q2-update.win32_1.4.0.202007081208/tools/bin/../lib/gcc/arm-none-eabi/7.3.1/thumb/v7-m\libgcc.a(_aeabi_uldivmod.o)
 .ARM.attributes
                0x0000000000000709       0x2d c:/st/stm32cubeide_1.4.0/stm32cubeide/plugins/com.st.stm32cube.ide.mcu.externaltools.gnu-tools-for-stm32.7-2018-q2-update.win32_1.4.0.202007081208/tools/bin/../lib/gcc/arm-none-eabi/7.3.1/thumb/v7-m\libgcc.a(_udivmoddi4.o)
 .ARM.attributes
                0x0000000000000736       0x1d c:/st/stm32cubeide_1.4.0/stm32cubeide/plugins/com.st.stm32cube.ide.mcu.externaltools.gnu-tools-for-stm32.7-2018-q2-update.win32_1.4.0.202007081208/tools/bin/../lib/gcc/arm-none-eabi/7.3.1/thumb/v7-m\libgcc.a(_dvmd_tls.o)
 .ARM.attributes
                0x0000000000000753       0x1d c:/st/stm32cubeide_1.4.0/stm32cubeide/plugins/com.st.stm32cube.ide.mcu.externaltools.gnu-tools-for-stm32.7-2018-q2-update.win32_1.4.0.202007081208/tools/bin/../lib/gcc/arm-none-eabi/7.3.1/thumb/v7-m/crtn.o
OUTPUT(ADAS_Features_GP.elf elf32-littlearm)

.debug_info     0x0000000000000000     0x8075
 .debug_info    0x0000000000000000      0xad1 HAL/BlindSpot/BlindSpot.o
 .debug_info    0x0000000000000ad1      0xb2f HAL/RearCollision/RearCollision.o
 .debug_info    0x0000000000001600      0xbdf HAL/ULTRA-SONIC/US_Driver.o
 .debug_info    0x00000000000021df      0xdba MCAL/EXTI/EXTI_Driver.o
 .debug_info    0x0000000000002f99      0xd94 MCAL/GPIO/GPIO_Driver.o
 .debug_info    0x0000000000003d2d      0xb25 MCAL/RCC/RCC.o
 .debug_info    0x0000000000004852      0xe29 MCAL/TIM/TIM.o
 .debug_info    0x000000000000567b      0xeb2 MCAL/UART/UART.o
 .debug_info    0x000000000000652d     0x10aa Src/main.o
 .debug_info    0x00000000000075d7      0xa7c Src/sysmem.o
 .debug_info    0x0000000000008053       0x22 Startup/startup_stm32f103c8tx.o

.debug_abbrev   0x0000000000000000     0x1348
 .debug_abbrev  0x0000000000000000      0x1bd HAL/BlindSpot/BlindSpot.o
 .debug_abbrev  0x00000000000001bd      0x1e8 HAL/RearCollision/RearCollision.o
 .debug_abbrev  0x00000000000003a5      0x1a6 HAL/ULTRA-SONIC/US_Driver.o
 .debug_abbrev  0x000000000000054b      0x228 MCAL/EXTI/EXTI_Driver.o
 .debug_abbrev  0x0000000000000773      0x225 MCAL/GPIO/GPIO_Driver.o
 .debug_abbrev  0x0000000000000998      0x19b MCAL/RCC/RCC.o
 .debug_abbrev  0x0000000000000b33      0x246 MCAL/TIM/TIM.o
 .debug_abbrev  0x0000000000000d79      0x23b MCAL/UART/UART.o
 .debug_abbrev  0x0000000000000fb4      0x1f4 Src/main.o
 .debug_abbrev  0x00000000000011a8      0x18e Src/sysmem.o
 .debug_abbrev  0x0000000000001336       0x12 Startup/startup_stm32f103c8tx.o

.debug_loc      0x0000000000000000     0x100e
 .debug_loc     0x0000000000000000       0x50 HAL/BlindSpot/BlindSpot.o
 .debug_loc     0x0000000000000050       0xa0 HAL/RearCollision/RearCollision.o
 .debug_loc     0x00000000000000f0       0xa0 HAL/ULTRA-SONIC/US_Driver.o
 .debug_loc     0x0000000000000190      0x320 MCAL/EXTI/EXTI_Driver.o
 .debug_loc     0x00000000000004b0      0x38c MCAL/GPIO/GPIO_Driver.o
 .debug_loc     0x000000000000083c       0xc8 MCAL/RCC/RCC.o
 .debug_loc     0x0000000000000904      0x2b8 MCAL/TIM/TIM.o
 .debug_loc     0x0000000000000bbc      0x294 MCAL/UART/UART.o
 .debug_loc     0x0000000000000e50      0x16e Src/main.o
 .debug_loc     0x0000000000000fbe       0x50 Src/sysmem.o

.debug_aranges  0x0000000000000000      0x2d8
 .debug_aranges
                0x0000000000000000       0x20 HAL/BlindSpot/BlindSpot.o
 .debug_aranges
                0x0000000000000020       0x28 HAL/RearCollision/RearCollision.o
 .debug_aranges
                0x0000000000000048       0x28 HAL/ULTRA-SONIC/US_Driver.o
 .debug_aranges
                0x0000000000000070       0x80 MCAL/EXTI/EXTI_Driver.o
 .debug_aranges
                0x00000000000000f0       0x68 MCAL/GPIO/GPIO_Driver.o
 .debug_aranges
                0x0000000000000158       0x38 MCAL/RCC/RCC.o
 .debug_aranges
                0x0000000000000190       0x60 MCAL/TIM/TIM.o
 .debug_aranges
                0x00000000000001f0       0x60 MCAL/UART/UART.o
 .debug_aranges
                0x0000000000000250       0x40 Src/main.o
 .debug_aranges
                0x0000000000000290       0x20 Src/sysmem.o
 .debug_aranges
                0x00000000000002b0       0x28 Startup/startup_stm32f103c8tx.o

.debug_ranges   0x0000000000000000      0x230
 .debug_ranges  0x0000000000000000       0x10 HAL/BlindSpot/BlindSpot.o
 .debug_ranges  0x0000000000000010       0x18 HAL/RearCollision/RearCollision.o
 .debug_ranges  0x0000000000000028       0x18 HAL/ULTRA-SONIC/US_Driver.o
 .debug_ranges  0x0000000000000040       0x70 MCAL/EXTI/EXTI_Driver.o
 .debug_ranges  0x00000000000000b0       0x58 MCAL/GPIO/GPIO_Driver.o
 .debug_ranges  0x0000000000000108       0x28 MCAL/RCC/RCC.o
 .debug_ranges  0x0000000000000130       0x50 MCAL/TIM/TIM.o
 .debug_ranges  0x0000000000000180       0x50 MCAL/UART/UART.o
 .debug_ranges  0x00000000000001d0       0x30 Src/main.o
 .debug_ranges  0x0000000000000200       0x10 Src/sysmem.o
 .debug_ranges  0x0000000000000210       0x20 Startup/startup_stm32f103c8tx.o

.debug_macro    0x0000000000000000     0x36e9
 .debug_macro   0x0000000000000000      0x15b HAL/BlindSpot/BlindSpot.o
 .debug_macro   0x000000000000015b      0xa66 HAL/BlindSpot/BlindSpot.o
 .debug_macro   0x0000000000000bc1       0x18 HAL/BlindSpot/BlindSpot.o
 .debug_macro   0x0000000000000bd9       0x22 HAL/BlindSpot/BlindSpot.o
 .debug_macro   0x0000000000000bfb       0x40 HAL/BlindSpot/BlindSpot.o
 .debug_macro   0x0000000000000c3b       0x94 HAL/BlindSpot/BlindSpot.o
 .debug_macro   0x0000000000000ccf       0x3c HAL/BlindSpot/BlindSpot.o
 .debug_macro   0x0000000000000d0b       0x34 HAL/BlindSpot/BlindSpot.o
 .debug_macro   0x0000000000000d3f       0x16 HAL/BlindSpot/BlindSpot.o
 .debug_macro   0x0000000000000d55      0x10e HAL/BlindSpot/BlindSpot.o
 .debug_macro   0x0000000000000e63       0x8d HAL/BlindSpot/BlindSpot.o
 .debug_macro   0x0000000000000ef0       0x57 HAL/BlindSpot/BlindSpot.o
 .debug_macro   0x0000000000000f47       0x52 HAL/BlindSpot/BlindSpot.o
 .debug_macro   0x0000000000000f99       0x1f HAL/BlindSpot/BlindSpot.o
 .debug_macro   0x0000000000000fb8       0x43 HAL/BlindSpot/BlindSpot.o
 .debug_macro   0x0000000000000ffb       0x20 HAL/BlindSpot/BlindSpot.o
 .debug_macro   0x000000000000101b      0x1a3 HAL/BlindSpot/BlindSpot.o
 .debug_macro   0x00000000000011be      0x330 HAL/BlindSpot/BlindSpot.o
 .debug_macro   0x00000000000014ee       0x16 HAL/BlindSpot/BlindSpot.o
 .debug_macro   0x0000000000001504       0x29 HAL/BlindSpot/BlindSpot.o
 .debug_macro   0x000000000000152d       0xef HAL/BlindSpot/BlindSpot.o
 .debug_macro   0x000000000000161c       0x6a HAL/BlindSpot/BlindSpot.o
 .debug_macro   0x0000000000001686      0x1df HAL/BlindSpot/BlindSpot.o
 .debug_macro   0x0000000000001865      0x344 HAL/BlindSpot/BlindSpot.o
 .debug_macro   0x0000000000001ba9       0xdc HAL/BlindSpot/BlindSpot.o
 .debug_macro   0x0000000000001c85       0x16 HAL/BlindSpot/BlindSpot.o
 .debug_macro   0x0000000000001c9b       0xe3 HAL/BlindSpot/BlindSpot.o
 .debug_macro   0x0000000000001d7e      0x15b HAL/RearCollision/RearCollision.o
 .debug_macro   0x0000000000001ed9      0x155 HAL/ULTRA-SONIC/US_Driver.o
 .debug_macro   0x000000000000202e      0x22d HAL/ULTRA-SONIC/US_Driver.o
 .debug_macro   0x000000000000225b       0x4c HAL/ULTRA-SONIC/US_Driver.o
 .debug_macro   0x00000000000022a7      0x14e MCAL/EXTI/EXTI_Driver.o
 .debug_macro   0x00000000000023f5      0x227 MCAL/EXTI/EXTI_Driver.o
 .debug_macro   0x000000000000261c      0x13f MCAL/GPIO/GPIO_Driver.o
 .debug_macro   0x000000000000275b       0xd6 MCAL/GPIO/GPIO_Driver.o
 .debug_macro   0x0000000000002831      0x148 MCAL/RCC/RCC.o
 .debug_macro   0x0000000000002979       0x10 MCAL/RCC/RCC.o
 .debug_macro   0x0000000000002989      0x148 MCAL/TIM/TIM.o
 .debug_macro   0x0000000000002ad1       0x46 MCAL/TIM/TIM.o
 .debug_macro   0x0000000000002b17      0x151 MCAL/UART/UART.o
 .debug_macro   0x0000000000002c68      0x294 Src/main.o
 .debug_macro   0x0000000000002efc       0x94 Src/main.o
 .debug_macro   0x0000000000002f90       0x1c Src/main.o
 .debug_macro   0x0000000000002fac       0x35 Src/main.o
 .debug_macro   0x0000000000002fe1       0x10 Src/main.o
 .debug_macro   0x0000000000002ff1       0x10 Src/main.o
 .debug_macro   0x0000000000003001       0x1c Src/main.o
 .debug_macro   0x000000000000301d       0x52 Src/main.o
 .debug_macro   0x000000000000306f       0x40 Src/main.o
 .debug_macro   0x00000000000030af       0x10 Src/main.o
 .debug_macro   0x00000000000030bf       0x40 Src/main.o
 .debug_macro   0x00000000000030ff       0xd7 Src/main.o
 .debug_macro   0x00000000000031d6       0x1c Src/main.o
 .debug_macro   0x00000000000031f2       0x3d Src/main.o
 .debug_macro   0x000000000000322f       0x16 Src/main.o
 .debug_macro   0x0000000000003245      0x145 Src/main.o
 .debug_macro   0x000000000000338a       0x16 Src/main.o
 .debug_macro   0x00000000000033a0       0x20 Src/main.o
 .debug_macro   0x00000000000033c0       0xee Src/sysmem.o
 .debug_macro   0x00000000000034ae      0x23b Src/sysmem.o

.debug_line     0x0000000000000000     0x4168
 .debug_line    0x0000000000000000      0x60e HAL/BlindSpot/BlindSpot.o
 .debug_line    0x000000000000060e      0x632 HAL/RearCollision/RearCollision.o
 .debug_line    0x0000000000000c40      0x61f HAL/ULTRA-SONIC/US_Driver.o
 .debug_line    0x000000000000125f      0x6db MCAL/EXTI/EXTI_Driver.o
 .debug_line    0x000000000000193a      0x63e MCAL/GPIO/GPIO_Driver.o
 .debug_line    0x0000000000001f78      0x583 MCAL/RCC/RCC.o
 .debug_line    0x00000000000024fb      0x63b MCAL/TIM/TIM.o
 .debug_line    0x0000000000002b36      0x72c MCAL/UART/UART.o
 .debug_line    0x0000000000003262      0x9c0 Src/main.o
 .debug_line    0x0000000000003c22      0x4c2 Src/sysmem.o
 .debug_line    0x00000000000040e4       0x84 Startup/startup_stm32f103c8tx.o

.debug_str      0x0000000000000000     0xc1e4
 .debug_str     0x0000000000000000     0x89bf HAL/BlindSpot/BlindSpot.o
                                       0x8c20 (size before relaxing)
 .debug_str     0x00000000000089bf      0x126 HAL/RearCollision/RearCollision.o
                                       0x8c7b (size before relaxing)
 .debug_str     0x0000000000008ae5     0x1483 HAL/ULTRA-SONIC/US_Driver.o
                                       0x996a (size before relaxing)
 .debug_str     0x0000000000009f68      0x1f9 MCAL/EXTI/EXTI_Driver.o
                                       0x9a78 (size before relaxing)
 .debug_str     0x000000000000a161      0x13b MCAL/GPIO/GPIO_Driver.o
                                       0x8672 (size before relaxing)
 .debug_str     0x000000000000a29c       0x8b MCAL/RCC/RCC.o
                                       0x85e1 (size before relaxing)
 .debug_str     0x000000000000a327      0x196 MCAL/TIM/TIM.o
                                       0x8728 (size before relaxing)
 .debug_str     0x000000000000a4bd      0x16c MCAL/UART/UART.o
                                       0x8d7d (size before relaxing)
 .debug_str     0x000000000000a629     0x16a6 Src/main.o
                                       0xb7f0 (size before relaxing)
 .debug_str     0x000000000000bccf      0x4e4 Src/sysmem.o
                                       0x5f62 (size before relaxing)
 .debug_str     0x000000000000c1b3       0x31 Startup/startup_stm32f103c8tx.o
                                         0x73 (size before relaxing)

.comment        0x0000000000000000       0x7b
 .comment       0x0000000000000000       0x7b HAL/BlindSpot/BlindSpot.o
                                         0x7c (size before relaxing)
 .comment       0x000000000000007b       0x7c HAL/RearCollision/RearCollision.o
 .comment       0x000000000000007b       0x7c HAL/ULTRA-SONIC/US_Driver.o
 .comment       0x000000000000007b       0x7c MCAL/EXTI/EXTI_Driver.o
 .comment       0x000000000000007b       0x7c MCAL/GPIO/GPIO_Driver.o
 .comment       0x000000000000007b       0x7c MCAL/RCC/RCC.o
 .comment       0x000000000000007b       0x7c MCAL/TIM/TIM.o
 .comment       0x000000000000007b       0x7c MCAL/UART/UART.o
 .comment       0x000000000000007b       0x7c Src/main.o
 .comment       0x000000000000007b       0x7c Src/sysmem.o

.debug_frame    0x0000000000000000     0x12b0
 .debug_frame   0x0000000000000000       0x34 HAL/BlindSpot/BlindSpot.o
 .debug_frame   0x0000000000000034       0x5c HAL/RearCollision/RearCollision.o
 .debug_frame   0x0000000000000090       0x58 HAL/ULTRA-SONIC/US_Driver.o
 .debug_frame   0x00000000000000e8      0x1b0 MCAL/EXTI/EXTI_Driver.o
 .debug_frame   0x0000000000000298      0x1a0 MCAL/GPIO/GPIO_Driver.o
 .debug_frame   0x0000000000000438       0x84 MCAL/RCC/RCC.o
 .debug_frame   0x00000000000004bc      0x14c MCAL/TIM/TIM.o
 .debug_frame   0x0000000000000608      0x14c MCAL/UART/UART.o
 .debug_frame   0x0000000000000754       0xd4 Src/main.o
 .debug_frame   0x0000000000000828       0x34 Src/sysmem.o
 .debug_frame   0x000000000000085c       0x20 c:/st/stm32cubeide_1.4.0/stm32cubeide/plugins/com.st.stm32cube.ide.mcu.externaltools.gnu-tools-for-stm32.7-2018-q2-update.win32_1.4.0.202007081208/tools/bin/../lib/gcc/arm-none-eabi/7.3.1/../../../../arm-none-eabi/lib/thumb/v7-m\libc_nano.a(lib_a-errno.o)
 .debug_frame   0x000000000000087c       0x2c c:/st/stm32cubeide_1.4.0/stm32cubeide/plugins/com.st.stm32cube.ide.mcu.externaltools.gnu-tools-for-stm32.7-2018-q2-update.win32_1.4.0.202007081208/tools/bin/../lib/gcc/arm-none-eabi/7.3.1/../../../../arm-none-eabi/lib/thumb/v7-m\libc_nano.a(lib_a-init.o)
 .debug_frame   0x00000000000008a8       0x20 c:/st/stm32cubeide_1.4.0/stm32cubeide/plugins/com.st.stm32cube.ide.mcu.externaltools.gnu-tools-for-stm32.7-2018-q2-update.win32_1.4.0.202007081208/tools/bin/../lib/gcc/arm-none-eabi/7.3.1/../../../../arm-none-eabi/lib/thumb/v7-m\libc_nano.a(lib_a-memset.o)
 .debug_frame   0x00000000000008c8       0x90 c:/st/stm32cubeide_1.4.0/stm32cubeide/plugins/com.st.stm32cube.ide.mcu.externaltools.gnu-tools-for-stm32.7-2018-q2-update.win32_1.4.0.202007081208/tools/bin/../lib/gcc/arm-none-eabi/7.3.1/../../../../arm-none-eabi/lib/thumb/v7-m\libc_nano.a(lib_a-nano-vfprintf_float.o)
 .debug_frame   0x0000000000000958       0x60 c:/st/stm32cubeide_1.4.0/stm32cubeide/plugins/com.st.stm32cube.ide.mcu.externaltools.gnu-tools-for-stm32.7-2018-q2-update.win32_1.4.0.202007081208/tools/bin/../lib/gcc/arm-none-eabi/7.3.1/../../../../arm-none-eabi/lib/thumb/v7-m\libc_nano.a(lib_a-nano-vfprintf_i.o)
 .debug_frame   0x00000000000009b8       0x6c c:/st/stm32cubeide_1.4.0/stm32cubeide/plugins/com.st.stm32cube.ide.mcu.externaltools.gnu-tools-for-stm32.7-2018-q2-update.win32_1.4.0.202007081208/tools/bin/../lib/gcc/arm-none-eabi/7.3.1/../../../../arm-none-eabi/lib/thumb/v7-m\libc_nano.a(lib_a-dtoa.o)
 .debug_frame   0x0000000000000a24       0x40 c:/st/stm32cubeide_1.4.0/stm32cubeide/plugins/com.st.stm32cube.ide.mcu.externaltools.gnu-tools-for-stm32.7-2018-q2-update.win32_1.4.0.202007081208/tools/bin/../lib/gcc/arm-none-eabi/7.3.1/../../../../arm-none-eabi/lib/thumb/v7-m\libc_nano.a(lib_a-localeconv.o)
 .debug_frame   0x0000000000000a64       0x30 c:/st/stm32cubeide_1.4.0/stm32cubeide/plugins/com.st.stm32cube.ide.mcu.externaltools.gnu-tools-for-stm32.7-2018-q2-update.win32_1.4.0.202007081208/tools/bin/../lib/gcc/arm-none-eabi/7.3.1/../../../../arm-none-eabi/lib/thumb/v7-m\libc_nano.a(lib_a-malloc.o)
 .debug_frame   0x0000000000000a94       0x28 c:/st/stm32cubeide_1.4.0/stm32cubeide/plugins/com.st.stm32cube.ide.mcu.externaltools.gnu-tools-for-stm32.7-2018-q2-update.win32_1.4.0.202007081208/tools/bin/../lib/gcc/arm-none-eabi/7.3.1/../../../../arm-none-eabi/lib/thumb/v7-m\libc_nano.a(lib_a-memcpy-stub.o)
 .debug_frame   0x0000000000000abc      0x248 c:/st/stm32cubeide_1.4.0/stm32cubeide/plugins/com.st.stm32cube.ide.mcu.externaltools.gnu-tools-for-stm32.7-2018-q2-update.win32_1.4.0.202007081208/tools/bin/../lib/gcc/arm-none-eabi/7.3.1/../../../../arm-none-eabi/lib/thumb/v7-m\libc_nano.a(lib_a-mprec.o)
 .debug_frame   0x0000000000000d04       0x2c c:/st/stm32cubeide_1.4.0/stm32cubeide/plugins/com.st.stm32cube.ide.mcu.externaltools.gnu-tools-for-stm32.7-2018-q2-update.win32_1.4.0.202007081208/tools/bin/../lib/gcc/arm-none-eabi/7.3.1/../../../../arm-none-eabi/lib/thumb/v7-m\libc_nano.a(lib_a-nano-callocr.o)
 .debug_frame   0x0000000000000d30       0x2c c:/st/stm32cubeide_1.4.0/stm32cubeide/plugins/com.st.stm32cube.ide.mcu.externaltools.gnu-tools-for-stm32.7-2018-q2-update.win32_1.4.0.202007081208/tools/bin/../lib/gcc/arm-none-eabi/7.3.1/../../../../arm-none-eabi/lib/thumb/v7-m\libc_nano.a(lib_a-nano-mallocr.o)
 .debug_frame   0x0000000000000d5c       0x2c c:/st/stm32cubeide_1.4.0/stm32cubeide/plugins/com.st.stm32cube.ide.mcu.externaltools.gnu-tools-for-stm32.7-2018-q2-update.win32_1.4.0.202007081208/tools/bin/../lib/gcc/arm-none-eabi/7.3.1/../../../../arm-none-eabi/lib/thumb/v7-m\libc_nano.a(lib_a-sbrkr.o)
 .debug_frame   0x0000000000000d88       0x68 c:/st/stm32cubeide_1.4.0/stm32cubeide/plugins/com.st.stm32cube.ide.mcu.externaltools.gnu-tools-for-stm32.7-2018-q2-update.win32_1.4.0.202007081208/tools/bin/../lib/gcc/arm-none-eabi/7.3.1/../../../../arm-none-eabi/lib/thumb/v7-m\libc_nano.a(lib_a-locale.o)
 .debug_frame   0x0000000000000df0       0x48 c:/st/stm32cubeide_1.4.0/stm32cubeide/plugins/com.st.stm32cube.ide.mcu.externaltools.gnu-tools-for-stm32.7-2018-q2-update.win32_1.4.0.202007081208/tools/bin/../lib/gcc/arm-none-eabi/7.3.1/../../../../arm-none-eabi/lib/thumb/v7-m\libc_nano.a(lib_a-mbtowc_r.o)
 .debug_frame   0x0000000000000e38       0x30 c:/st/stm32cubeide_1.4.0/stm32cubeide/plugins/com.st.stm32cube.ide.mcu.externaltools.gnu-tools-for-stm32.7-2018-q2-update.win32_1.4.0.202007081208/tools/bin/../lib/gcc/arm-none-eabi/7.3.1/../../../../arm-none-eabi/lib/thumb/v7-m\libc_nano.a(lib_a-mlock.o)
 .debug_frame   0x0000000000000e68       0x5c c:/st/stm32cubeide_1.4.0/stm32cubeide/plugins/com.st.stm32cube.ide.mcu.externaltools.gnu-tools-for-stm32.7-2018-q2-update.win32_1.4.0.202007081208/tools/bin/../lib/gcc/arm-none-eabi/7.3.1/../../../../arm-none-eabi/lib/thumb/v7-m\libc_nano.a(lib_a-reent.o)
 .debug_frame   0x0000000000000ec4       0x3c c:/st/stm32cubeide_1.4.0/stm32cubeide/plugins/com.st.stm32cube.ide.mcu.externaltools.gnu-tools-for-stm32.7-2018-q2-update.win32_1.4.0.202007081208/tools/bin/../lib/gcc/arm-none-eabi/7.3.1/../../../../arm-none-eabi/lib/thumb/v7-m\libc_nano.a(lib_a-wctomb_r.o)
 .debug_frame   0x0000000000000f00       0xac c:/st/stm32cubeide_1.4.0/stm32cubeide/plugins/com.st.stm32cube.ide.mcu.externaltools.gnu-tools-for-stm32.7-2018-q2-update.win32_1.4.0.202007081208/tools/bin/../lib/gcc/arm-none-eabi/7.3.1/thumb/v7-m\libgcc.a(_arm_addsubdf3.o)
 .debug_frame   0x0000000000000fac       0x50 c:/st/stm32cubeide_1.4.0/stm32cubeide/plugins/com.st.stm32cube.ide.mcu.externaltools.gnu-tools-for-stm32.7-2018-q2-update.win32_1.4.0.202007081208/tools/bin/../lib/gcc/arm-none-eabi/7.3.1/thumb/v7-m\libgcc.a(_arm_muldivdf3.o)
 .debug_frame   0x0000000000000ffc       0xc4 c:/st/stm32cubeide_1.4.0/stm32cubeide/plugins/com.st.stm32cube.ide.mcu.externaltools.gnu-tools-for-stm32.7-2018-q2-update.win32_1.4.0.202007081208/tools/bin/../lib/gcc/arm-none-eabi/7.3.1/thumb/v7-m\libgcc.a(_arm_cmpdf2.o)
 .debug_frame   0x00000000000010c0       0x20 c:/st/stm32cubeide_1.4.0/stm32cubeide/plugins/com.st.stm32cube.ide.mcu.externaltools.gnu-tools-for-stm32.7-2018-q2-update.win32_1.4.0.202007081208/tools/bin/../lib/gcc/arm-none-eabi/7.3.1/thumb/v7-m\libgcc.a(_arm_unorddf2.o)
 .debug_frame   0x00000000000010e0       0x24 c:/st/stm32cubeide_1.4.0/stm32cubeide/plugins/com.st.stm32cube.ide.mcu.externaltools.gnu-tools-for-stm32.7-2018-q2-update.win32_1.4.0.202007081208/tools/bin/../lib/gcc/arm-none-eabi/7.3.1/thumb/v7-m\libgcc.a(_arm_fixdfsi.o)
 .debug_frame   0x0000000000001104       0x4c c:/st/stm32cubeide_1.4.0/stm32cubeide/plugins/com.st.stm32cube.ide.mcu.externaltools.gnu-tools-for-stm32.7-2018-q2-update.win32_1.4.0.202007081208/tools/bin/../lib/gcc/arm-none-eabi/7.3.1/thumb/v7-m\libgcc.a(_arm_addsubsf3.o)
 .debug_frame   0x0000000000001150       0x38 c:/st/stm32cubeide_1.4.0/stm32cubeide/plugins/com.st.stm32cube.ide.mcu.externaltools.gnu-tools-for-stm32.7-2018-q2-update.win32_1.4.0.202007081208/tools/bin/../lib/gcc/arm-none-eabi/7.3.1/thumb/v7-m\libgcc.a(_arm_muldivsf3.o)
 .debug_frame   0x0000000000001188       0xc8 c:/st/stm32cubeide_1.4.0/stm32cubeide/plugins/com.st.stm32cube.ide.mcu.externaltools.gnu-tools-for-stm32.7-2018-q2-update.win32_1.4.0.202007081208/tools/bin/../lib/gcc/arm-none-eabi/7.3.1/thumb/v7-m\libgcc.a(_arm_cmpsf2.o)
 .debug_frame   0x0000000000001250       0x2c c:/st/stm32cubeide_1.4.0/stm32cubeide/plugins/com.st.stm32cube.ide.mcu.externaltools.gnu-tools-for-stm32.7-2018-q2-update.win32_1.4.0.202007081208/tools/bin/../lib/gcc/arm-none-eabi/7.3.1/thumb/v7-m\libgcc.a(_aeabi_uldivmod.o)
 .debug_frame   0x000000000000127c       0x34 c:/st/stm32cubeide_1.4.0/stm32cubeide/plugins/com.st.stm32cube.ide.mcu.externaltools.gnu-tools-for-stm32.7-2018-q2-update.win32_1.4.0.202007081208/tools/bin/../lib/gcc/arm-none-eabi/7.3.1/thumb/v7-m\libgcc.a(_udivmoddi4.o)
